--------------------------------------------------------------------------------
Release 14.5 Trace  (lin64)
Copyright (c) 1995-2012 Xilinx, Inc.  All rights reserved.

/media/storage/opt/xilinx/14.5/ISE_DS/ISE/bin/lin64/unwrapped/trce -intstyle
ise -v 3 -s 3 -n 3 -fastpaths -xml ROMSEQ.twx ROMSEQ.ncd -o ROMSEQ.twr
ROMSEQ.pcf

Design file:              ROMSEQ.ncd
Physical constraint file: ROMSEQ.pcf
Device,package,speed:     xc6slx150,fgg484,C,-3 (PRODUCTION 1.23 2013-03-26)
Report level:             verbose report

Environment Variable      Effect 
--------------------      ------ 
NONE                      No environment variables were set
--------------------------------------------------------------------------------

INFO:Timing:2698 - No timing constraints found, doing default enumeration.
INFO:Timing:3412 - To improve timing, see the Timing Closure User Guide (UG612).
INFO:Timing:2752 - To get complete path coverage, use the unconstrained paths 
   option. All paths that are not constrained will be reported in the 
   unconstrained paths section(s) of the report.
INFO:Timing:3339 - The clock-to-out numbers in this timing report are based on 
   a 50 Ohm transmission line loading model.  For the details of this model, 
   and for more information on accounting for different loading conditions, 
   please see the device datasheet.



Data Sheet report:
-----------------
All values displayed in nanoseconds (ns)

Setup/Hold to clock CLOCK
------------+------------+------------+------------+------------+------------------+--------+
            |Max Setup to|  Process   |Max Hold to |  Process   |                  | Clock  |
Source      | clk (edge) |   Corner   | clk (edge) |   Corner   |Internal Clock(s) | Phase  |
------------+------------+------------+------------+------------+------------------+--------+
ADDR<2>     |    3.525(R)|      SLOW  |    0.983(R)|      SLOW  |CLOCK_BUFGP       |   0.000|
ADDR<3>     |    3.508(R)|      SLOW  |    0.819(R)|      SLOW  |CLOCK_BUFGP       |   0.000|
ADDR<4>     |    3.867(R)|      SLOW  |    1.043(R)|      SLOW  |CLOCK_BUFGP       |   0.000|
ADDR<5>     |    4.670(R)|      SLOW  |    0.839(R)|      SLOW  |CLOCK_BUFGP       |   0.000|
ADDR<6>     |    3.327(R)|      SLOW  |    1.209(R)|      SLOW  |CLOCK_BUFGP       |   0.000|
ADDR<7>     |    2.950(R)|      SLOW  |    1.243(R)|      SLOW  |CLOCK_BUFGP       |   0.000|
ADDR<8>     |    3.221(R)|      SLOW  |    1.418(R)|      SLOW  |CLOCK_BUFGP       |   0.000|
ADDR<9>     |    2.809(R)|      SLOW  |    1.278(R)|      SLOW  |CLOCK_BUFGP       |   0.000|
ADDR<10>    |    3.446(R)|      SLOW  |    1.411(R)|      SLOW  |CLOCK_BUFGP       |   0.000|
ADDR<11>    |    3.884(R)|      SLOW  |    1.461(R)|      SLOW  |CLOCK_BUFGP       |   0.000|
ADDR<12>    |    3.498(R)|      SLOW  |    1.288(R)|      SLOW  |CLOCK_BUFGP       |   0.000|
ADDR<13>    |    3.298(R)|      SLOW  |    1.486(R)|      SLOW  |CLOCK_BUFGP       |   0.000|
ADDR<14>    |    2.746(R)|      SLOW  |    1.257(R)|      SLOW  |CLOCK_BUFGP       |   0.000|
ADDR<15>    |    2.092(R)|      SLOW  |    1.251(R)|      SLOW  |CLOCK_BUFGP       |   0.000|
EN          |    4.002(R)|      SLOW  |    0.062(R)|      SLOW  |CLOCK_BUFGP       |   0.000|
RESET       |    3.463(R)|      SLOW  |    0.845(R)|      SLOW  |CLOCK_BUFGP       |   0.000|
------------+------------+------------+------------+------------+------------------+--------+

Clock CLOCK to Pad
------------+-----------------+------------+-----------------+------------+------------------+--------+
            |Max (slowest) clk|  Process   |Min (fastest) clk|  Process   |                  | Clock  |
Destination |  (edge) to PAD  |   Corner   |  (edge) to PAD  |   Corner   |Internal Clock(s) | Phase  |
------------+-----------------+------------+-----------------+------------+------------------+--------+
DOUT<0>     |        10.235(R)|      SLOW  |         4.398(R)|      FAST  |CLOCK_BUFGP       |   0.000|
DOUT<1>     |        10.229(R)|      SLOW  |         4.574(R)|      FAST  |CLOCK_BUFGP       |   0.000|
DOUT<2>     |        11.653(R)|      SLOW  |         5.148(R)|      FAST  |CLOCK_BUFGP       |   0.000|
DOUT<3>     |        11.077(R)|      SLOW  |         5.043(R)|      FAST  |CLOCK_BUFGP       |   0.000|
DOUT<4>     |        10.476(R)|      SLOW  |         4.937(R)|      FAST  |CLOCK_BUFGP       |   0.000|
DOUT<5>     |        11.145(R)|      SLOW  |         4.964(R)|      FAST  |CLOCK_BUFGP       |   0.000|
DOUT<6>     |        11.280(R)|      SLOW  |         5.139(R)|      FAST  |CLOCK_BUFGP       |   0.000|
DOUT<7>     |        11.155(R)|      SLOW  |         5.217(R)|      FAST  |CLOCK_BUFGP       |   0.000|
DOUT<8>     |        11.107(R)|      SLOW  |         5.185(R)|      FAST  |CLOCK_BUFGP       |   0.000|
DOUT<9>     |        10.657(R)|      SLOW  |         4.991(R)|      FAST  |CLOCK_BUFGP       |   0.000|
DOUT<10>    |        11.590(R)|      SLOW  |         5.404(R)|      FAST  |CLOCK_BUFGP       |   0.000|
DOUT<11>    |        11.809(R)|      SLOW  |         5.420(R)|      FAST  |CLOCK_BUFGP       |   0.000|
DOUT<12>    |        10.784(R)|      SLOW  |         5.399(R)|      FAST  |CLOCK_BUFGP       |   0.000|
DOUT<13>    |        10.909(R)|      SLOW  |         5.135(R)|      FAST  |CLOCK_BUFGP       |   0.000|
DOUT<14>    |        10.976(R)|      SLOW  |         5.259(R)|      FAST  |CLOCK_BUFGP       |   0.000|
DOUT<15>    |        11.231(R)|      SLOW  |         5.102(R)|      FAST  |CLOCK_BUFGP       |   0.000|
DOUT<16>    |        12.030(R)|      SLOW  |         5.587(R)|      FAST  |CLOCK_BUFGP       |   0.000|
DOUT<17>    |        11.799(R)|      SLOW  |         5.861(R)|      FAST  |CLOCK_BUFGP       |   0.000|
DOUT<18>    |        11.459(R)|      SLOW  |         5.318(R)|      FAST  |CLOCK_BUFGP       |   0.000|
DOUT<19>    |        11.503(R)|      SLOW  |         5.241(R)|      FAST  |CLOCK_BUFGP       |   0.000|
DOUT<20>    |        12.132(R)|      SLOW  |         5.585(R)|      FAST  |CLOCK_BUFGP       |   0.000|
DOUT<21>    |        11.863(R)|      SLOW  |         5.916(R)|      FAST  |CLOCK_BUFGP       |   0.000|
DOUT<22>    |        11.663(R)|      SLOW  |         4.734(R)|      FAST  |CLOCK_BUFGP       |   0.000|
DOUT<23>    |        11.575(R)|      SLOW  |         5.187(R)|      FAST  |CLOCK_BUFGP       |   0.000|
DOUT<24>    |        11.016(R)|      SLOW  |         5.505(R)|      FAST  |CLOCK_BUFGP       |   0.000|
DOUT<25>    |        11.211(R)|      SLOW  |         5.400(R)|      FAST  |CLOCK_BUFGP       |   0.000|
DOUT<26>    |        11.191(R)|      SLOW  |         5.235(R)|      FAST  |CLOCK_BUFGP       |   0.000|
DOUT<27>    |        12.098(R)|      SLOW  |         5.732(R)|      FAST  |CLOCK_BUFGP       |   0.000|
DOUT<28>    |        12.800(R)|      SLOW  |         6.516(R)|      FAST  |CLOCK_BUFGP       |   0.000|
DOUT<29>    |        12.784(R)|      SLOW  |         5.230(R)|      FAST  |CLOCK_BUFGP       |   0.000|
DOUT<30>    |        12.583(R)|      SLOW  |         6.300(R)|      FAST  |CLOCK_BUFGP       |   0.000|
DOUT<31>    |        12.770(R)|      SLOW  |         6.270(R)|      FAST  |CLOCK_BUFGP       |   0.000|
------------+-----------------+------------+-----------------+------------+------------------+--------+


Analysis completed Sat Nov  5 12:22:20 2016 
--------------------------------------------------------------------------------

Trace Settings:
-------------------------
Trace Settings 

Peak Memory Usage: 549 MB



