--------------------------------------------------------------------------------
Release 14.5 Trace  (lin64)
Copyright (c) 1995-2012 Xilinx, Inc.  All rights reserved.

/media/storage/opt/xilinx/14.5/ISE_DS/ISE/bin/lin64/unwrapped/trce -intstyle
ise -v 3 -s 3 -n 3 -fastpaths -xml ROMSEQ.twx ROMSEQ.ncd -o ROMSEQ.twr
ROMSEQ.pcf

Design file:              ROMSEQ.ncd
Physical constraint file: ROMSEQ.pcf
Device,package,speed:     xc6slx150,fgg484,C,-3 (PRODUCTION 1.23 2013-03-26)
Report level:             verbose report

Environment Variable      Effect 
--------------------      ------ 
NONE                      No environment variables were set
--------------------------------------------------------------------------------

INFO:Timing:2698 - No timing constraints found, doing default enumeration.
INFO:Timing:3412 - To improve timing, see the Timing Closure User Guide (UG612).
INFO:Timing:2752 - To get complete path coverage, use the unconstrained paths 
   option. All paths that are not constrained will be reported in the 
   unconstrained paths section(s) of the report.
INFO:Timing:3339 - The clock-to-out numbers in this timing report are based on 
   a 50 Ohm transmission line loading model.  For the details of this model, 
   and for more information on accounting for different loading conditions, 
   please see the device datasheet.



Data Sheet report:
-----------------
All values displayed in nanoseconds (ns)

Setup/Hold to clock CLOCK
------------+------------+------------+------------+------------+------------------+--------+
            |Max Setup to|  Process   |Max Hold to |  Process   |                  | Clock  |
Source      | clk (edge) |   Corner   | clk (edge) |   Corner   |Internal Clock(s) | Phase  |
------------+------------+------------+------------+------------+------------------+--------+
EN          |    3.880(R)|      SLOW  |    0.412(R)|      SLOW  |CLOCK_BUFGP       |   0.000|
RESET       |    4.956(R)|      SLOW  |    1.310(R)|      SLOW  |CLOCK_BUFGP       |   0.000|
------------+------------+------------+------------+------------+------------------+--------+

Clock CLOCK to Pad
------------+-----------------+------------+-----------------+------------+------------------+--------+
            |Max (slowest) clk|  Process   |Min (fastest) clk|  Process   |                  | Clock  |
Destination |  (edge) to PAD  |   Corner   |  (edge) to PAD  |   Corner   |Internal Clock(s) | Phase  |
------------+-----------------+------------+-----------------+------------+------------------+--------+
DOUT<0>     |        12.810(R)|      SLOW  |         5.944(R)|      FAST  |CLOCK_BUFGP       |   0.000|
DOUT<1>     |        11.694(R)|      SLOW  |         4.948(R)|      FAST  |CLOCK_BUFGP       |   0.000|
DOUT<2>     |        11.525(R)|      SLOW  |         5.072(R)|      FAST  |CLOCK_BUFGP       |   0.000|
DOUT<3>     |        11.680(R)|      SLOW  |         5.166(R)|      FAST  |CLOCK_BUFGP       |   0.000|
DOUT<4>     |        11.542(R)|      SLOW  |         5.272(R)|      FAST  |CLOCK_BUFGP       |   0.000|
DOUT<5>     |        11.798(R)|      SLOW  |         5.602(R)|      FAST  |CLOCK_BUFGP       |   0.000|
DOUT<6>     |        11.260(R)|      SLOW  |         5.115(R)|      FAST  |CLOCK_BUFGP       |   0.000|
DOUT<7>     |        11.093(R)|      SLOW  |         5.121(R)|      FAST  |CLOCK_BUFGP       |   0.000|
DOUT<8>     |        10.796(R)|      SLOW  |         4.902(R)|      FAST  |CLOCK_BUFGP       |   0.000|
DOUT<9>     |        11.109(R)|      SLOW  |         5.379(R)|      FAST  |CLOCK_BUFGP       |   0.000|
DOUT<10>    |        10.658(R)|      SLOW  |         4.984(R)|      FAST  |CLOCK_BUFGP       |   0.000|
DOUT<11>    |        11.202(R)|      SLOW  |         5.519(R)|      FAST  |CLOCK_BUFGP       |   0.000|
DOUT<12>    |        10.669(R)|      SLOW  |         5.092(R)|      FAST  |CLOCK_BUFGP       |   0.000|
DOUT<13>    |        10.706(R)|      SLOW  |         4.995(R)|      FAST  |CLOCK_BUFGP       |   0.000|
DOUT<14>    |        11.154(R)|      SLOW  |         4.911(R)|      FAST  |CLOCK_BUFGP       |   0.000|
DOUT<15>    |        10.880(R)|      SLOW  |         5.258(R)|      FAST  |CLOCK_BUFGP       |   0.000|
DOUT<16>    |        10.341(R)|      SLOW  |         5.102(R)|      FAST  |CLOCK_BUFGP       |   0.000|
DOUT<17>    |        10.640(R)|      SLOW  |         4.983(R)|      FAST  |CLOCK_BUFGP       |   0.000|
DOUT<18>    |        10.344(R)|      SLOW  |         4.854(R)|      FAST  |CLOCK_BUFGP       |   0.000|
DOUT<19>    |        10.951(R)|      SLOW  |         4.952(R)|      FAST  |CLOCK_BUFGP       |   0.000|
DOUT<20>    |        10.245(R)|      SLOW  |         4.971(R)|      FAST  |CLOCK_BUFGP       |   0.000|
DOUT<21>    |        10.567(R)|      SLOW  |         5.037(R)|      FAST  |CLOCK_BUFGP       |   0.000|
DOUT<22>    |        10.256(R)|      SLOW  |         4.902(R)|      FAST  |CLOCK_BUFGP       |   0.000|
DOUT<23>    |        10.556(R)|      SLOW  |         5.200(R)|      FAST  |CLOCK_BUFGP       |   0.000|
DOUT<24>    |        10.706(R)|      SLOW  |         5.200(R)|      FAST  |CLOCK_BUFGP       |   0.000|
DOUT<25>    |        10.814(R)|      SLOW  |         5.184(R)|      FAST  |CLOCK_BUFGP       |   0.000|
DOUT<26>    |        11.063(R)|      SLOW  |         5.407(R)|      FAST  |CLOCK_BUFGP       |   0.000|
DOUT<27>    |        10.784(R)|      SLOW  |         5.089(R)|      FAST  |CLOCK_BUFGP       |   0.000|
DOUT<28>    |        11.086(R)|      SLOW  |         5.127(R)|      FAST  |CLOCK_BUFGP       |   0.000|
DOUT<29>    |        10.724(R)|      SLOW  |         5.101(R)|      FAST  |CLOCK_BUFGP       |   0.000|
DOUT<30>    |        11.250(R)|      SLOW  |         5.701(R)|      FAST  |CLOCK_BUFGP       |   0.000|
DOUT<31>    |        11.157(R)|      SLOW  |         5.329(R)|      FAST  |CLOCK_BUFGP       |   0.000|
------------+-----------------+------------+-----------------+------------+------------------+--------+

Clock to Setup on destination clock CLOCK
---------------+---------+---------+---------+---------+
               | Src:Rise| Src:Fall| Src:Rise| Src:Fall|
Source Clock   |Dest:Rise|Dest:Rise|Dest:Fall|Dest:Fall|
---------------+---------+---------+---------+---------+
CLOCK          |    4.193|         |         |         |
---------------+---------+---------+---------+---------+


Analysis completed Sat Nov  5 20:08:48 2016 
--------------------------------------------------------------------------------

Trace Settings:
-------------------------
Trace Settings 

Peak Memory Usage: 549 MB



