--------------------------------------------------------------------------------
Release 14.5 Trace  (lin64)
Copyright (c) 1995-2012 Xilinx, Inc.  All rights reserved.

/media/storage/opt/xilinx/14.5/ISE_DS/ISE/bin/lin64/unwrapped/trce -intstyle
ise -v 3 -s 3 -n 3 -fastpaths -xml ADC_CTRL.twx ADC_CTRL.ncd -o ADC_CTRL.twr
ADC_CTRL.pcf -ucf constraints-test-board.ucf

Design file:              ADC_CTRL.ncd
Physical constraint file: ADC_CTRL.pcf
Device,package,speed:     xc6slx150,fgg484,C,-3 (PRODUCTION 1.23 2013-03-26)
Report level:             verbose report

Environment Variable      Effect 
--------------------      ------ 
NONE                      No environment variables were set
--------------------------------------------------------------------------------

INFO:Timing:3412 - To improve timing, see the Timing Closure User Guide (UG612).
INFO:Timing:2752 - To get complete path coverage, use the unconstrained paths 
   option. All paths that are not constrained will be reported in the 
   unconstrained paths section(s) of the report.
INFO:Timing:3339 - The clock-to-out numbers in this timing report are based on 
   a 50 Ohm transmission line loading model.  For the details of this model, 
   and for more information on accounting for different loading conditions, 
   please see the device datasheet.

================================================================================
Timing constraint: TS_CLOCK = PERIOD TIMEGRP "CLOCK" 10 ns HIGH 50%;
For more information, see Period Analysis in the Timing Closure User Guide (UG612).

 0 paths analyzed, 0 endpoints analyzed, 0 failing endpoints
 0 timing errors detected. (0 component switching limit errors)
 Minimum period is   5.340ns.
--------------------------------------------------------------------------------

Component Switching Limit Checks: TS_CLOCK = PERIOD TIMEGRP "CLOCK" 10 ns HIGH 50%;
--------------------------------------------------------------------------------
Slack: 1.330ns (period - min period limit)
  Period: 4.000ns
  Min period limit: 2.670ns (374.532MHz) (Tdcmper_CLKFX)
  Physical resource: PLL_250_INST/dcm_sp_inst/CLKFX
  Logical resource: PLL_250_INST/dcm_sp_inst/CLKFX
  Location pin: DCM_X0Y1.CLKFX
  Clock network: PLL_250_INST/clkfx
--------------------------------------------------------------------------------
Slack: 4.660ns (period - (min low pulse limit / (low pulse / period)))
  Period: 10.000ns
  Low pulse: 5.000ns
  Low pulse limit: 2.670ns (Tdcmpw_CLKIN_100_150)
  Physical resource: PLL_250_INST/dcm_sp_inst/CLKIN
  Logical resource: PLL_250_INST/dcm_sp_inst/CLKIN
  Location pin: DCM_X0Y1.CLKIN
  Clock network: PLL_250_INST/dcm_sp_inst_ML_NEW_DIVCLK
--------------------------------------------------------------------------------
Slack: 4.660ns (period - (min high pulse limit / (high pulse / period)))
  Period: 10.000ns
  High pulse: 5.000ns
  High pulse limit: 2.670ns (Tdcmpw_CLKIN_100_150)
  Physical resource: PLL_250_INST/dcm_sp_inst/CLKIN
  Logical resource: PLL_250_INST/dcm_sp_inst/CLKIN
  Location pin: DCM_X0Y1.CLKIN
  Clock network: PLL_250_INST/dcm_sp_inst_ML_NEW_DIVCLK
--------------------------------------------------------------------------------

================================================================================
Timing constraint: TS_PLL_250_INST_clkfx = PERIOD TIMEGRP "PLL_250_INST_clkfx" 
TS_CLOCK / 2.5         HIGH 50%;
For more information, see Period Analysis in the Timing Closure User Guide (UG612).

 0 paths analyzed, 0 endpoints analyzed, 0 failing endpoints
 0 timing errors detected. (0 component switching limit errors)
 Minimum period is   1.730ns.
--------------------------------------------------------------------------------

Component Switching Limit Checks: TS_PLL_250_INST_clkfx = PERIOD TIMEGRP "PLL_250_INST_clkfx" TS_CLOCK / 2.5
        HIGH 50%;
--------------------------------------------------------------------------------
Slack: 2.270ns (period - min period limit)
  Period: 4.000ns
  Min period limit: 1.730ns (578.035MHz) (Tbcper_I)
  Physical resource: PLL_250_INST/clkout2_buf/I0
  Logical resource: PLL_250_INST/clkout2_buf/I0
  Location pin: BUFGMUX_X2Y1.I0
  Clock network: PLL_250_INST/clkfx
--------------------------------------------------------------------------------
Slack: 2.361ns (period - min period limit)
  Period: 4.000ns
  Min period limit: 1.639ns (610.128MHz) (Tockper)
  Physical resource: CLOCK_COUNT_OBUFDS/CLK0
  Logical resource: ODDR2_LVDS_CLOC_BUFFER_OUT_INST/CK0
  Location pin: OLOGIC_X18Y173.CLK0
  Clock network: CLOCK_250
--------------------------------------------------------------------------------
Slack: 2.597ns (period - min period limit)
  Period: 4.000ns
  Min period limit: 1.403ns (712.758MHz) (Tockper)
  Physical resource: CLOCK_COUNT_OBUFDS/CLK1
  Logical resource: ODDR2_LVDS_CLOC_BUFFER_OUT_INST/CK1
  Location pin: OLOGIC_X18Y173.CLK1
  Clock network: CLOCK_250
--------------------------------------------------------------------------------

================================================================================
Timing constraint: TS_PLL_250_INST_clk0 = PERIOD TIMEGRP "PLL_250_INST_clk0" 
TS_CLOCK HIGH 50%;
For more information, see Period Analysis in the Timing Closure User Guide (UG612).

 55222 paths analyzed, 8479 endpoints analyzed, 0 failing endpoints
 0 timing errors detected. (0 setup errors, 0 hold errors, 0 component switching limit errors)
 Minimum period is   9.540ns.
--------------------------------------------------------------------------------

Paths for end point FX3_SLAVE_INST/IMAGE_OUT_INST/I_TX_FIFO_WRDAT_15 (SLICE_X92Y79.CE), 5 paths
--------------------------------------------------------------------------------
Slack (setup path):     0.230ns (requirement - (data path - clock path skew + uncertainty))
  Source:               I_DUAL_FIFO_LINE_COMBINE/I_LVAL_OUT (FF)
  Destination:          FX3_SLAVE_INST/IMAGE_OUT_INST/I_TX_FIFO_WRDAT_15 (FF)
  Requirement:          5.000ns
  Data Path Delay:      4.608ns (Levels of Logic = 1)
  Clock Path Skew:      -0.027ns (0.780 - 0.807)
  Source Clock:         CLOCK_100 rising at 0.000ns
  Destination Clock:    CLOCK_100 falling at 5.000ns
  Clock Uncertainty:    0.135ns

  Clock Uncertainty:          0.135ns  ((TSJ^2 + TIJ^2)^1/2 + DJ) / 2 + PE
    Total System Jitter (TSJ):  0.070ns
    Total Input Jitter (TIJ):   0.000ns
    Discrete Jitter (DJ):       0.200ns
    Phase Error (PE):           0.000ns

  Maximum Data Path at Slow Process Corner: I_DUAL_FIFO_LINE_COMBINE/I_LVAL_OUT to FX3_SLAVE_INST/IMAGE_OUT_INST/I_TX_FIFO_WRDAT_15
    Location             Delay type         Delay(ns)  Physical Resource
                                                       Logical Resource(s)
    -------------------------------------------------  -------------------
    SLICE_X91Y124.CQ     Tcko                  0.391   I_DUAL_FIFO_LINE_COMBINE/I_LVAL_OUT
                                                       I_DUAL_FIFO_LINE_COMBINE/I_LVAL_OUT
    SLICE_X91Y78.B6      net (fanout=3)        3.098   I_DUAL_FIFO_LINE_COMBINE/I_LVAL_OUT
    SLICE_X91Y78.B       Tilo                  0.259   FX3_SLAVE_INST/IMAGE_OUT_INST/I_TX_FIFO_WRDAT<12>
                                                       FX3_SLAVE_INST/IMAGE_OUT_INST/_n0122_inv1
    SLICE_X92Y79.CE      net (fanout=11)       0.546   FX3_SLAVE_INST/IMAGE_OUT_INST/_n0122_inv
    SLICE_X92Y79.CLK     Tceck                 0.314   FX3_SLAVE_INST/IMAGE_OUT_INST/I_TX_FIFO_WRDAT<15>
                                                       FX3_SLAVE_INST/IMAGE_OUT_INST/I_TX_FIFO_WRDAT_15
    -------------------------------------------------  ---------------------------
    Total                                      4.608ns (0.964ns logic, 3.644ns route)
                                                       (20.9% logic, 79.1% route)

--------------------------------------------------------------------------------
Slack (setup path):     7.056ns (requirement - (data path - clock path skew + uncertainty))
  Source:               FX3_SLAVE_INST/IMAGE_OUT_INST/I_PRESENT_STATE_FSM_FFd3 (FF)
  Destination:          FX3_SLAVE_INST/IMAGE_OUT_INST/I_TX_FIFO_WRDAT_15 (FF)
  Requirement:          10.000ns
  Data Path Delay:      2.804ns (Levels of Logic = 1)
  Clock Path Skew:      -0.005ns (0.243 - 0.248)
  Source Clock:         CLOCK_100 falling at 5.000ns
  Destination Clock:    CLOCK_100 falling at 15.000ns
  Clock Uncertainty:    0.135ns

  Clock Uncertainty:          0.135ns  ((TSJ^2 + TIJ^2)^1/2 + DJ) / 2 + PE
    Total System Jitter (TSJ):  0.070ns
    Total Input Jitter (TIJ):   0.000ns
    Discrete Jitter (DJ):       0.200ns
    Phase Error (PE):           0.000ns

  Maximum Data Path at Slow Process Corner: FX3_SLAVE_INST/IMAGE_OUT_INST/I_PRESENT_STATE_FSM_FFd3 to FX3_SLAVE_INST/IMAGE_OUT_INST/I_TX_FIFO_WRDAT_15
    Location             Delay type         Delay(ns)  Physical Resource
                                                       Logical Resource(s)
    -------------------------------------------------  -------------------
    SLICE_X90Y73.CQ      Tcko                  0.447   FX3_SLAVE_INST/IMAGE_OUT_INST/I_TX_FIFO_WREN
                                                       FX3_SLAVE_INST/IMAGE_OUT_INST/I_PRESENT_STATE_FSM_FFd3
    SLICE_X91Y78.B1      net (fanout=48)       1.238   FX3_SLAVE_INST/IMAGE_OUT_INST/I_PRESENT_STATE_FSM_FFd3
    SLICE_X91Y78.B       Tilo                  0.259   FX3_SLAVE_INST/IMAGE_OUT_INST/I_TX_FIFO_WRDAT<12>
                                                       FX3_SLAVE_INST/IMAGE_OUT_INST/_n0122_inv1
    SLICE_X92Y79.CE      net (fanout=11)       0.546   FX3_SLAVE_INST/IMAGE_OUT_INST/_n0122_inv
    SLICE_X92Y79.CLK     Tceck                 0.314   FX3_SLAVE_INST/IMAGE_OUT_INST/I_TX_FIFO_WRDAT<15>
                                                       FX3_SLAVE_INST/IMAGE_OUT_INST/I_TX_FIFO_WRDAT_15
    -------------------------------------------------  ---------------------------
    Total                                      2.804ns (1.020ns logic, 1.784ns route)
                                                       (36.4% logic, 63.6% route)

--------------------------------------------------------------------------------
Slack (setup path):     7.213ns (requirement - (data path - clock path skew + uncertainty))
  Source:               FX3_SLAVE_INST/IMAGE_OUT_INST/I_PRESENT_STATE_FSM_FFd4 (FF)
  Destination:          FX3_SLAVE_INST/IMAGE_OUT_INST/I_TX_FIFO_WRDAT_15 (FF)
  Requirement:          10.000ns
  Data Path Delay:      2.647ns (Levels of Logic = 1)
  Clock Path Skew:      -0.005ns (0.243 - 0.248)
  Source Clock:         CLOCK_100 falling at 5.000ns
  Destination Clock:    CLOCK_100 falling at 15.000ns
  Clock Uncertainty:    0.135ns

  Clock Uncertainty:          0.135ns  ((TSJ^2 + TIJ^2)^1/2 + DJ) / 2 + PE
    Total System Jitter (TSJ):  0.070ns
    Total Input Jitter (TIJ):   0.000ns
    Discrete Jitter (DJ):       0.200ns
    Phase Error (PE):           0.000ns

  Maximum Data Path at Slow Process Corner: FX3_SLAVE_INST/IMAGE_OUT_INST/I_PRESENT_STATE_FSM_FFd4 to FX3_SLAVE_INST/IMAGE_OUT_INST/I_TX_FIFO_WRDAT_15
    Location             Delay type         Delay(ns)  Physical Resource
                                                       Logical Resource(s)
    -------------------------------------------------  -------------------
    SLICE_X90Y73.CMUX    Tshcko                0.488   FX3_SLAVE_INST/IMAGE_OUT_INST/I_TX_FIFO_WREN
                                                       FX3_SLAVE_INST/IMAGE_OUT_INST/I_PRESENT_STATE_FSM_FFd4
    SLICE_X91Y78.B5      net (fanout=41)       1.040   FX3_SLAVE_INST/IMAGE_OUT_INST/I_PRESENT_STATE_FSM_FFd4
    SLICE_X91Y78.B       Tilo                  0.259   FX3_SLAVE_INST/IMAGE_OUT_INST/I_TX_FIFO_WRDAT<12>
                                                       FX3_SLAVE_INST/IMAGE_OUT_INST/_n0122_inv1
    SLICE_X92Y79.CE      net (fanout=11)       0.546   FX3_SLAVE_INST/IMAGE_OUT_INST/_n0122_inv
    SLICE_X92Y79.CLK     Tceck                 0.314   FX3_SLAVE_INST/IMAGE_OUT_INST/I_TX_FIFO_WRDAT<15>
                                                       FX3_SLAVE_INST/IMAGE_OUT_INST/I_TX_FIFO_WRDAT_15
    -------------------------------------------------  ---------------------------
    Total                                      2.647ns (1.061ns logic, 1.586ns route)
                                                       (40.1% logic, 59.9% route)

--------------------------------------------------------------------------------

Paths for end point FX3_SLAVE_INST/IMAGE_OUT_INST/I_TX_FIFO_WRDAT_14 (SLICE_X92Y79.CE), 5 paths
--------------------------------------------------------------------------------
Slack (setup path):     0.248ns (requirement - (data path - clock path skew + uncertainty))
  Source:               I_DUAL_FIFO_LINE_COMBINE/I_LVAL_OUT (FF)
  Destination:          FX3_SLAVE_INST/IMAGE_OUT_INST/I_TX_FIFO_WRDAT_14 (FF)
  Requirement:          5.000ns
  Data Path Delay:      4.590ns (Levels of Logic = 1)
  Clock Path Skew:      -0.027ns (0.780 - 0.807)
  Source Clock:         CLOCK_100 rising at 0.000ns
  Destination Clock:    CLOCK_100 falling at 5.000ns
  Clock Uncertainty:    0.135ns

  Clock Uncertainty:          0.135ns  ((TSJ^2 + TIJ^2)^1/2 + DJ) / 2 + PE
    Total System Jitter (TSJ):  0.070ns
    Total Input Jitter (TIJ):   0.000ns
    Discrete Jitter (DJ):       0.200ns
    Phase Error (PE):           0.000ns

  Maximum Data Path at Slow Process Corner: I_DUAL_FIFO_LINE_COMBINE/I_LVAL_OUT to FX3_SLAVE_INST/IMAGE_OUT_INST/I_TX_FIFO_WRDAT_14
    Location             Delay type         Delay(ns)  Physical Resource
                                                       Logical Resource(s)
    -------------------------------------------------  -------------------
    SLICE_X91Y124.CQ     Tcko                  0.391   I_DUAL_FIFO_LINE_COMBINE/I_LVAL_OUT
                                                       I_DUAL_FIFO_LINE_COMBINE/I_LVAL_OUT
    SLICE_X91Y78.B6      net (fanout=3)        3.098   I_DUAL_FIFO_LINE_COMBINE/I_LVAL_OUT
    SLICE_X91Y78.B       Tilo                  0.259   FX3_SLAVE_INST/IMAGE_OUT_INST/I_TX_FIFO_WRDAT<12>
                                                       FX3_SLAVE_INST/IMAGE_OUT_INST/_n0122_inv1
    SLICE_X92Y79.CE      net (fanout=11)       0.546   FX3_SLAVE_INST/IMAGE_OUT_INST/_n0122_inv
    SLICE_X92Y79.CLK     Tceck                 0.296   FX3_SLAVE_INST/IMAGE_OUT_INST/I_TX_FIFO_WRDAT<15>
                                                       FX3_SLAVE_INST/IMAGE_OUT_INST/I_TX_FIFO_WRDAT_14
    -------------------------------------------------  ---------------------------
    Total                                      4.590ns (0.946ns logic, 3.644ns route)
                                                       (20.6% logic, 79.4% route)

--------------------------------------------------------------------------------
Slack (setup path):     7.074ns (requirement - (data path - clock path skew + uncertainty))
  Source:               FX3_SLAVE_INST/IMAGE_OUT_INST/I_PRESENT_STATE_FSM_FFd3 (FF)
  Destination:          FX3_SLAVE_INST/IMAGE_OUT_INST/I_TX_FIFO_WRDAT_14 (FF)
  Requirement:          10.000ns
  Data Path Delay:      2.786ns (Levels of Logic = 1)
  Clock Path Skew:      -0.005ns (0.243 - 0.248)
  Source Clock:         CLOCK_100 falling at 5.000ns
  Destination Clock:    CLOCK_100 falling at 15.000ns
  Clock Uncertainty:    0.135ns

  Clock Uncertainty:          0.135ns  ((TSJ^2 + TIJ^2)^1/2 + DJ) / 2 + PE
    Total System Jitter (TSJ):  0.070ns
    Total Input Jitter (TIJ):   0.000ns
    Discrete Jitter (DJ):       0.200ns
    Phase Error (PE):           0.000ns

  Maximum Data Path at Slow Process Corner: FX3_SLAVE_INST/IMAGE_OUT_INST/I_PRESENT_STATE_FSM_FFd3 to FX3_SLAVE_INST/IMAGE_OUT_INST/I_TX_FIFO_WRDAT_14
    Location             Delay type         Delay(ns)  Physical Resource
                                                       Logical Resource(s)
    -------------------------------------------------  -------------------
    SLICE_X90Y73.CQ      Tcko                  0.447   FX3_SLAVE_INST/IMAGE_OUT_INST/I_TX_FIFO_WREN
                                                       FX3_SLAVE_INST/IMAGE_OUT_INST/I_PRESENT_STATE_FSM_FFd3
    SLICE_X91Y78.B1      net (fanout=48)       1.238   FX3_SLAVE_INST/IMAGE_OUT_INST/I_PRESENT_STATE_FSM_FFd3
    SLICE_X91Y78.B       Tilo                  0.259   FX3_SLAVE_INST/IMAGE_OUT_INST/I_TX_FIFO_WRDAT<12>
                                                       FX3_SLAVE_INST/IMAGE_OUT_INST/_n0122_inv1
    SLICE_X92Y79.CE      net (fanout=11)       0.546   FX3_SLAVE_INST/IMAGE_OUT_INST/_n0122_inv
    SLICE_X92Y79.CLK     Tceck                 0.296   FX3_SLAVE_INST/IMAGE_OUT_INST/I_TX_FIFO_WRDAT<15>
                                                       FX3_SLAVE_INST/IMAGE_OUT_INST/I_TX_FIFO_WRDAT_14
    -------------------------------------------------  ---------------------------
    Total                                      2.786ns (1.002ns logic, 1.784ns route)
                                                       (36.0% logic, 64.0% route)

--------------------------------------------------------------------------------
Slack (setup path):     7.231ns (requirement - (data path - clock path skew + uncertainty))
  Source:               FX3_SLAVE_INST/IMAGE_OUT_INST/I_PRESENT_STATE_FSM_FFd4 (FF)
  Destination:          FX3_SLAVE_INST/IMAGE_OUT_INST/I_TX_FIFO_WRDAT_14 (FF)
  Requirement:          10.000ns
  Data Path Delay:      2.629ns (Levels of Logic = 1)
  Clock Path Skew:      -0.005ns (0.243 - 0.248)
  Source Clock:         CLOCK_100 falling at 5.000ns
  Destination Clock:    CLOCK_100 falling at 15.000ns
  Clock Uncertainty:    0.135ns

  Clock Uncertainty:          0.135ns  ((TSJ^2 + TIJ^2)^1/2 + DJ) / 2 + PE
    Total System Jitter (TSJ):  0.070ns
    Total Input Jitter (TIJ):   0.000ns
    Discrete Jitter (DJ):       0.200ns
    Phase Error (PE):           0.000ns

  Maximum Data Path at Slow Process Corner: FX3_SLAVE_INST/IMAGE_OUT_INST/I_PRESENT_STATE_FSM_FFd4 to FX3_SLAVE_INST/IMAGE_OUT_INST/I_TX_FIFO_WRDAT_14
    Location             Delay type         Delay(ns)  Physical Resource
                                                       Logical Resource(s)
    -------------------------------------------------  -------------------
    SLICE_X90Y73.CMUX    Tshcko                0.488   FX3_SLAVE_INST/IMAGE_OUT_INST/I_TX_FIFO_WREN
                                                       FX3_SLAVE_INST/IMAGE_OUT_INST/I_PRESENT_STATE_FSM_FFd4
    SLICE_X91Y78.B5      net (fanout=41)       1.040   FX3_SLAVE_INST/IMAGE_OUT_INST/I_PRESENT_STATE_FSM_FFd4
    SLICE_X91Y78.B       Tilo                  0.259   FX3_SLAVE_INST/IMAGE_OUT_INST/I_TX_FIFO_WRDAT<12>
                                                       FX3_SLAVE_INST/IMAGE_OUT_INST/_n0122_inv1
    SLICE_X92Y79.CE      net (fanout=11)       0.546   FX3_SLAVE_INST/IMAGE_OUT_INST/_n0122_inv
    SLICE_X92Y79.CLK     Tceck                 0.296   FX3_SLAVE_INST/IMAGE_OUT_INST/I_TX_FIFO_WRDAT<15>
                                                       FX3_SLAVE_INST/IMAGE_OUT_INST/I_TX_FIFO_WRDAT_14
    -------------------------------------------------  ---------------------------
    Total                                      2.629ns (1.043ns logic, 1.586ns route)
                                                       (39.7% logic, 60.3% route)

--------------------------------------------------------------------------------

Paths for end point FX3_SLAVE_INST/FX3_SLAVE_INST/I0_DATA_TO_GPIFII_FIFO/U0/xst_fifo_generator/gconvfifo.rf/grf.rf/gntv_or_sync_fifo.mem/gbm.gbmg.gbmga.ngecc.bmg/gnativebmg.native_blk_mem_gen/valid.cstr/ramloop[25].ram.r/s6_noinit.ram/SDP.SIMPLE_PRIM18.ram (RAMB16_X4Y28.DIA6), 1 path
--------------------------------------------------------------------------------
Slack (setup path):     0.273ns (requirement - (data path - clock path skew + uncertainty))
  Source:               FX3_SLAVE_INST/IMAGE_OUT_INST/I_TX_FIFO_WRDAT_29 (FF)
  Destination:          FX3_SLAVE_INST/FX3_SLAVE_INST/I0_DATA_TO_GPIFII_FIFO/U0/xst_fifo_generator/gconvfifo.rf/grf.rf/gntv_or_sync_fifo.mem/gbm.gbmg.gbmga.ngecc.bmg/gnativebmg.native_blk_mem_gen/valid.cstr/ramloop[25].ram.r/s6_noinit.ram/SDP.SIMPLE_PRIM18.ram (RAM)
  Requirement:          5.000ns
  Data Path Delay:      4.475ns (Levels of Logic = 0)
  Clock Path Skew:      -0.117ns (0.599 - 0.716)
  Source Clock:         CLOCK_100 falling at 5.000ns
  Destination Clock:    CLOCK_100 rising at 10.000ns
  Clock Uncertainty:    0.135ns

  Clock Uncertainty:          0.135ns  ((TSJ^2 + TIJ^2)^1/2 + DJ) / 2 + PE
    Total System Jitter (TSJ):  0.070ns
    Total Input Jitter (TIJ):   0.000ns
    Discrete Jitter (DJ):       0.200ns
    Phase Error (PE):           0.000ns

  Maximum Data Path at Slow Process Corner: FX3_SLAVE_INST/IMAGE_OUT_INST/I_TX_FIFO_WRDAT_29 to FX3_SLAVE_INST/FX3_SLAVE_INST/I0_DATA_TO_GPIFII_FIFO/U0/xst_fifo_generator/gconvfifo.rf/grf.rf/gntv_or_sync_fifo.mem/gbm.gbmg.gbmga.ngecc.bmg/gnativebmg.native_blk_mem_gen/valid.cstr/ramloop[25].ram.r/s6_noinit.ram/SDP.SIMPLE_PRIM18.ram
    Location             Delay type         Delay(ns)  Physical Resource
                                                       Logical Resource(s)
    -------------------------------------------------  -------------------
    SLICE_X91Y77.CQ      Tcko                  0.391   FX3_SLAVE_INST/IMAGE_OUT_INST/I_TX_FIFO_WRDAT<28>
                                                       FX3_SLAVE_INST/IMAGE_OUT_INST/I_TX_FIFO_WRDAT_29
    RAMB16_X4Y28.DIA6    net (fanout=8)        3.784   FX3_SLAVE_INST/IMAGE_OUT_INST/I_TX_FIFO_WRDAT<29>
    RAMB16_X4Y28.CLKA    Trdck_DIA             0.300   FX3_SLAVE_INST/FX3_SLAVE_INST/I0_DATA_TO_GPIFII_FIFO/U0/xst_fifo_generator/gconvfifo.rf/grf.rf/gntv_or_sync_fifo.mem/gbm.gbmg.gbmga.ngecc.bmg/gnativebmg.native_blk_mem_gen/valid.cstr/ramloop[25].ram.r/s6_noinit.ram/SDP.SIMPLE_PRIM18.ram
                                                       FX3_SLAVE_INST/FX3_SLAVE_INST/I0_DATA_TO_GPIFII_FIFO/U0/xst_fifo_generator/gconvfifo.rf/grf.rf/gntv_or_sync_fifo.mem/gbm.gbmg.gbmga.ngecc.bmg/gnativebmg.native_blk_mem_gen/valid.cstr/ramloop[25].ram.r/s6_noinit.ram/SDP.SIMPLE_PRIM18.ram
    -------------------------------------------------  ---------------------------
    Total                                      4.475ns (0.691ns logic, 3.784ns route)
                                                       (15.4% logic, 84.6% route)

--------------------------------------------------------------------------------

Hold Paths: TS_PLL_250_INST_clk0 = PERIOD TIMEGRP "PLL_250_INST_clk0" TS_CLOCK HIGH 50%;
--------------------------------------------------------------------------------

Paths for end point I_DUAL_FIFO_LINE_COMBINE/GROUP1_FIFOS[0].I_SEG_FIFO/U0/xst_fifo_generator/gconvfifo.rf/grf.rf/gntv_or_sync_fifo.mem/gbm.gbmg.gbmga.ngecc.bmg/gnativebmg.native_blk_mem_gen/valid.cstr/ramloop[0].ram.r/s6_noinit.ram/SDP.SIMPLE_PRIM18.ram (RAMB16_X4Y78.ADDRB4), 1 path
--------------------------------------------------------------------------------
Slack (hold path):      0.262ns (requirement - (clock path skew + uncertainty - data path))
  Source:               I_DUAL_FIFO_LINE_COMBINE/GROUP1_FIFOS[0].I_SEG_FIFO/U0/xst_fifo_generator/gconvfifo.rf/grf.rf/gntv_or_sync_fifo.gl0.rd/rpntr/gc1.count_d2_0 (FF)
  Destination:          I_DUAL_FIFO_LINE_COMBINE/GROUP1_FIFOS[0].I_SEG_FIFO/U0/xst_fifo_generator/gconvfifo.rf/grf.rf/gntv_or_sync_fifo.mem/gbm.gbmg.gbmga.ngecc.bmg/gnativebmg.native_blk_mem_gen/valid.cstr/ramloop[0].ram.r/s6_noinit.ram/SDP.SIMPLE_PRIM18.ram (RAM)
  Requirement:          0.000ns
  Data Path Delay:      0.265ns (Levels of Logic = 0)
  Clock Path Skew:      0.003ns (0.075 - 0.072)
  Source Clock:         CLOCK_100 rising at 10.000ns
  Destination Clock:    CLOCK_100 rising at 10.000ns
  Clock Uncertainty:    0.000ns

  Minimum Data Path at Fast Process Corner: I_DUAL_FIFO_LINE_COMBINE/GROUP1_FIFOS[0].I_SEG_FIFO/U0/xst_fifo_generator/gconvfifo.rf/grf.rf/gntv_or_sync_fifo.gl0.rd/rpntr/gc1.count_d2_0 to I_DUAL_FIFO_LINE_COMBINE/GROUP1_FIFOS[0].I_SEG_FIFO/U0/xst_fifo_generator/gconvfifo.rf/grf.rf/gntv_or_sync_fifo.mem/gbm.gbmg.gbmga.ngecc.bmg/gnativebmg.native_blk_mem_gen/valid.cstr/ramloop[0].ram.r/s6_noinit.ram/SDP.SIMPLE_PRIM18.ram
    Location             Delay type         Delay(ns)  Physical Resource
                                                       Logical Resource(s)
    -------------------------------------------------  -------------------
    SLICE_X103Y158.DQ    Tcko                  0.198   I_DUAL_FIFO_LINE_COMBINE/GROUP1_FIFOS[0].I_SEG_FIFO/U0/xst_fifo_generator/gconvfifo.rf/grf.rf/gntv_or_sync_fifo.gl0.rd/rpntr/gc1.count_d2<0>
                                                       I_DUAL_FIFO_LINE_COMBINE/GROUP1_FIFOS[0].I_SEG_FIFO/U0/xst_fifo_generator/gconvfifo.rf/grf.rf/gntv_or_sync_fifo.gl0.rd/rpntr/gc1.count_d2_0
    RAMB16_X4Y78.ADDRB4  net (fanout=9)        0.133   I_DUAL_FIFO_LINE_COMBINE/GROUP1_FIFOS[0].I_SEG_FIFO/U0/xst_fifo_generator/gconvfifo.rf/grf.rf/gntv_or_sync_fifo.gl0.rd/rpntr/gc1.count_d2<0>
    RAMB16_X4Y78.CLKB    Trckc_ADDRB (-Th)     0.066   I_DUAL_FIFO_LINE_COMBINE/GROUP1_FIFOS[0].I_SEG_FIFO/U0/xst_fifo_generator/gconvfifo.rf/grf.rf/gntv_or_sync_fifo.mem/gbm.gbmg.gbmga.ngecc.bmg/gnativebmg.native_blk_mem_gen/valid.cstr/ramloop[0].ram.r/s6_noinit.ram/SDP.SIMPLE_PRIM18.ram
                                                       I_DUAL_FIFO_LINE_COMBINE/GROUP1_FIFOS[0].I_SEG_FIFO/U0/xst_fifo_generator/gconvfifo.rf/grf.rf/gntv_or_sync_fifo.mem/gbm.gbmg.gbmga.ngecc.bmg/gnativebmg.native_blk_mem_gen/valid.cstr/ramloop[0].ram.r/s6_noinit.ram/SDP.SIMPLE_PRIM18.ram
    -------------------------------------------------  ---------------------------
    Total                                      0.265ns (0.132ns logic, 0.133ns route)
                                                       (49.8% logic, 50.2% route)

--------------------------------------------------------------------------------

Paths for end point I_DUAL_FIFO_LINE_COMBINE/GROUP1_FIFOS[3].I_SEG_FIFO/U0/xst_fifo_generator/gconvfifo.rf/grf.rf/gntv_or_sync_fifo.mem/dout_i_0 (SLICE_X89Y144.SR), 1 path
--------------------------------------------------------------------------------
Slack (hold path):      0.297ns (requirement - (clock path skew + uncertainty - data path))
  Source:               I_DUAL_FIFO_LINE_COMBINE/GROUP1_FIFOS[3].I_SEG_FIFO/U0/xst_fifo_generator/gconvfifo.rf/grf.rf/rstblk/ngwrdrst.grst.rd_rst_reg_0 (FF)
  Destination:          I_DUAL_FIFO_LINE_COMBINE/GROUP1_FIFOS[3].I_SEG_FIFO/U0/xst_fifo_generator/gconvfifo.rf/grf.rf/gntv_or_sync_fifo.mem/dout_i_0 (FF)
  Requirement:          0.000ns
  Data Path Delay:      0.300ns (Levels of Logic = 0)
  Clock Path Skew:      0.003ns (0.045 - 0.042)
  Source Clock:         CLOCK_100 rising at 10.000ns
  Destination Clock:    CLOCK_100 rising at 10.000ns
  Clock Uncertainty:    0.000ns

  Minimum Data Path at Fast Process Corner: I_DUAL_FIFO_LINE_COMBINE/GROUP1_FIFOS[3].I_SEG_FIFO/U0/xst_fifo_generator/gconvfifo.rf/grf.rf/rstblk/ngwrdrst.grst.rd_rst_reg_0 to I_DUAL_FIFO_LINE_COMBINE/GROUP1_FIFOS[3].I_SEG_FIFO/U0/xst_fifo_generator/gconvfifo.rf/grf.rf/gntv_or_sync_fifo.mem/dout_i_0
    Location             Delay type         Delay(ns)  Physical Resource
                                                       Logical Resource(s)
    -------------------------------------------------  -------------------
    SLICE_X88Y146.AQ     Tcko                  0.200   I_DUAL_FIFO_LINE_COMBINE/GROUP1_FIFOS[3].I_SEG_FIFO/U0/xst_fifo_generator/gconvfifo.rf/grf.rf/rstblk/ngwrdrst.grst.rd_rst_reg<2>
                                                       I_DUAL_FIFO_LINE_COMBINE/GROUP1_FIFOS[3].I_SEG_FIFO/U0/xst_fifo_generator/gconvfifo.rf/grf.rf/rstblk/ngwrdrst.grst.rd_rst_reg_0
    SLICE_X89Y144.SR     net (fanout=6)        0.231   I_DUAL_FIFO_LINE_COMBINE/GROUP1_FIFOS[3].I_SEG_FIFO/U0/xst_fifo_generator/gconvfifo.rf/grf.rf/rstblk/ngwrdrst.grst.rd_rst_reg<0>
    SLICE_X89Y144.CLK    Tcksr       (-Th)     0.131   I_DUAL_FIFO_LINE_COMBINE/I_DATA_OUT_SEG<3><3>
                                                       I_DUAL_FIFO_LINE_COMBINE/GROUP1_FIFOS[3].I_SEG_FIFO/U0/xst_fifo_generator/gconvfifo.rf/grf.rf/gntv_or_sync_fifo.mem/dout_i_0
    -------------------------------------------------  ---------------------------
    Total                                      0.300ns (0.069ns logic, 0.231ns route)
                                                       (23.0% logic, 77.0% route)

--------------------------------------------------------------------------------

Paths for end point I_DUAL_FIFO_LINE_COMBINE/GROUP1_FIFOS[3].I_SEG_FIFO/U0/xst_fifo_generator/gconvfifo.rf/grf.rf/gntv_or_sync_fifo.mem/dout_i_1 (SLICE_X89Y144.SR), 1 path
--------------------------------------------------------------------------------
Slack (hold path):      0.300ns (requirement - (clock path skew + uncertainty - data path))
  Source:               I_DUAL_FIFO_LINE_COMBINE/GROUP1_FIFOS[3].I_SEG_FIFO/U0/xst_fifo_generator/gconvfifo.rf/grf.rf/rstblk/ngwrdrst.grst.rd_rst_reg_0 (FF)
  Destination:          I_DUAL_FIFO_LINE_COMBINE/GROUP1_FIFOS[3].I_SEG_FIFO/U0/xst_fifo_generator/gconvfifo.rf/grf.rf/gntv_or_sync_fifo.mem/dout_i_1 (FF)
  Requirement:          0.000ns
  Data Path Delay:      0.303ns (Levels of Logic = 0)
  Clock Path Skew:      0.003ns (0.045 - 0.042)
  Source Clock:         CLOCK_100 rising at 10.000ns
  Destination Clock:    CLOCK_100 rising at 10.000ns
  Clock Uncertainty:    0.000ns

  Minimum Data Path at Fast Process Corner: I_DUAL_FIFO_LINE_COMBINE/GROUP1_FIFOS[3].I_SEG_FIFO/U0/xst_fifo_generator/gconvfifo.rf/grf.rf/rstblk/ngwrdrst.grst.rd_rst_reg_0 to I_DUAL_FIFO_LINE_COMBINE/GROUP1_FIFOS[3].I_SEG_FIFO/U0/xst_fifo_generator/gconvfifo.rf/grf.rf/gntv_or_sync_fifo.mem/dout_i_1
    Location             Delay type         Delay(ns)  Physical Resource
                                                       Logical Resource(s)
    -------------------------------------------------  -------------------
    SLICE_X88Y146.AQ     Tcko                  0.200   I_DUAL_FIFO_LINE_COMBINE/GROUP1_FIFOS[3].I_SEG_FIFO/U0/xst_fifo_generator/gconvfifo.rf/grf.rf/rstblk/ngwrdrst.grst.rd_rst_reg<2>
                                                       I_DUAL_FIFO_LINE_COMBINE/GROUP1_FIFOS[3].I_SEG_FIFO/U0/xst_fifo_generator/gconvfifo.rf/grf.rf/rstblk/ngwrdrst.grst.rd_rst_reg_0
    SLICE_X89Y144.SR     net (fanout=6)        0.231   I_DUAL_FIFO_LINE_COMBINE/GROUP1_FIFOS[3].I_SEG_FIFO/U0/xst_fifo_generator/gconvfifo.rf/grf.rf/rstblk/ngwrdrst.grst.rd_rst_reg<0>
    SLICE_X89Y144.CLK    Tcksr       (-Th)     0.128   I_DUAL_FIFO_LINE_COMBINE/I_DATA_OUT_SEG<3><3>
                                                       I_DUAL_FIFO_LINE_COMBINE/GROUP1_FIFOS[3].I_SEG_FIFO/U0/xst_fifo_generator/gconvfifo.rf/grf.rf/gntv_or_sync_fifo.mem/dout_i_1
    -------------------------------------------------  ---------------------------
    Total                                      0.303ns (0.072ns logic, 0.231ns route)
                                                       (23.8% logic, 76.2% route)

--------------------------------------------------------------------------------

Component Switching Limit Checks: TS_PLL_250_INST_clk0 = PERIOD TIMEGRP "PLL_250_INST_clk0" TS_CLOCK HIGH 50%;
--------------------------------------------------------------------------------
Slack: 6.876ns (period - min period limit)
  Period: 10.000ns
  Min period limit: 3.124ns (320.102MHz) (Trper_CLKA(Fmax))
  Physical resource: BLOCKMEM_INST/U0/xst_blk_mem_generator/gnative_mem_map_bmg.native_mem_map_blk_mem_gen/valid.cstr/ramloop[0].ram.r/s6_noinit.ram/SP.SIMPLE_PRIM18.ram/CLKA
  Logical resource: BLOCKMEM_INST/U0/xst_blk_mem_generator/gnative_mem_map_bmg.native_mem_map_blk_mem_gen/valid.cstr/ramloop[0].ram.r/s6_noinit.ram/SP.SIMPLE_PRIM18.ram/CLKA
  Location pin: RAMB16_X2Y26.CLKA
  Clock network: CLOCK_100
--------------------------------------------------------------------------------
Slack: 6.876ns (period - min period limit)
  Period: 10.000ns
  Min period limit: 3.124ns (320.102MHz) (Trper_CLKA(Fmax))
  Physical resource: BLOCKMEM_INST/U0/xst_blk_mem_generator/gnative_mem_map_bmg.native_mem_map_blk_mem_gen/valid.cstr/ramloop[1].ram.r/s6_noinit.ram/SP.SIMPLE_PRIM18.ram/CLKA
  Logical resource: BLOCKMEM_INST/U0/xst_blk_mem_generator/gnative_mem_map_bmg.native_mem_map_blk_mem_gen/valid.cstr/ramloop[1].ram.r/s6_noinit.ram/SP.SIMPLE_PRIM18.ram/CLKA
  Location pin: RAMB16_X2Y24.CLKA
  Clock network: CLOCK_100
--------------------------------------------------------------------------------
Slack: 6.876ns (period - min period limit)
  Period: 10.000ns
  Min period limit: 3.124ns (320.102MHz) (Trper_CLKA(Fmax))
  Physical resource: BLOCKMEM_INST/U0/xst_blk_mem_generator/gnative_mem_map_bmg.native_mem_map_blk_mem_gen/valid.cstr/ramloop[2].ram.r/s6_noinit.ram/SP.WIDE_PRIM9.ram/CLKAWRCLK
  Logical resource: BLOCKMEM_INST/U0/xst_blk_mem_generator/gnative_mem_map_bmg.native_mem_map_blk_mem_gen/valid.cstr/ramloop[2].ram.r/s6_noinit.ram/SP.WIDE_PRIM9.ram/CLKAWRCLK
  Location pin: RAMB8_X2Y28.CLKAWRCLK
  Clock network: CLOCK_100
--------------------------------------------------------------------------------

================================================================================
Timing constraint: TS_PLL_250_INST_clkdv = PERIOD TIMEGRP "PLL_250_INST_clkdv" 
TS_CLOCK * 2 HIGH         50%;
For more information, see Period Analysis in the Timing Closure User Guide (UG612).

 0 paths analyzed, 0 endpoints analyzed, 0 failing endpoints
 0 timing errors detected. (0 component switching limit errors)
 Minimum period is   1.730ns.
--------------------------------------------------------------------------------

Component Switching Limit Checks: TS_PLL_250_INST_clkdv = PERIOD TIMEGRP "PLL_250_INST_clkdv" TS_CLOCK * 2 HIGH
        50%;
--------------------------------------------------------------------------------
Slack: 18.270ns (period - min period limit)
  Period: 20.000ns
  Min period limit: 1.730ns (578.035MHz) (Tbcper_I)
  Physical resource: PLL_250_INST/clkout4_buf/I0
  Logical resource: PLL_250_INST/clkout4_buf/I0
  Location pin: BUFGMUX_X2Y4.I0
  Clock network: PLL_250_INST/clkdv
--------------------------------------------------------------------------------
Slack: 18.361ns (period - min period limit)
  Period: 20.000ns
  Min period limit: 1.639ns (610.128MHz) (Tockper)
  Physical resource: CLOCK_DIGIF_OBUFDS/CLK0
  Logical resource: ODDR2_DIGIF_INST/CK0
  Location pin: OLOGIC_X19Y175.CLK0
  Clock network: CLOCK_50
--------------------------------------------------------------------------------
Slack: 18.597ns (period - min period limit)
  Period: 20.000ns
  Min period limit: 1.403ns (712.758MHz) (Tockper)
  Physical resource: CLOCK_DIGIF_OBUFDS/CLK1
  Logical resource: ODDR2_DIGIF_INST/CK1
  Location pin: OLOGIC_X19Y175.CLK1
  Clock network: CLOCK_50
--------------------------------------------------------------------------------

================================================================================
Timing constraint: TS_PLL_DESER_INST_clkout1 = PERIOD TIMEGRP 
"PLL_DESER_INST_clkout1" TS_CLOCK /         0.166666667 HIGH 50%;
For more information, see Period Analysis in the Timing Closure User Guide (UG612).

 7475 paths analyzed, 5068 endpoints analyzed, 0 failing endpoints
 0 timing errors detected. (0 setup errors, 0 hold errors, 0 component switching limit errors)
 Minimum period is  59.848ns.
--------------------------------------------------------------------------------

Paths for end point I_DUAL_FIFO_LINE_COMBINE/GROUP2_FIFOS[6].I_SEG_FIFO/U0/xst_fifo_generator/gconvfifo.rf/grf.rf/gntv_or_sync_fifo.gl0.wr/wpntr/gic0.gc1.count_d1_9 (SLICE_X28Y137.CE), 2 paths
--------------------------------------------------------------------------------
Slack (setup path):     0.026ns (requirement - (data path - clock path skew + uncertainty))
  Source:               I_DUAL_FIFO_LINE_COMBINE/I_ENA_WRITE_FIFO_15 (FF)
  Destination:          I_DUAL_FIFO_LINE_COMBINE/GROUP2_FIFOS[6].I_SEG_FIFO/U0/xst_fifo_generator/gconvfifo.rf/grf.rf/gntv_or_sync_fifo.gl0.wr/wpntr/gic0.gc1.count_d1_9 (FF)
  Requirement:          10.000ns
  Data Path Delay:      12.999ns (Levels of Logic = 1)
  Clock Path Skew:      3.472ns (3.164 - -0.308)
  Source Clock:         CLOCK_100 rising at 50.000ns
  Destination Clock:    CLOCK_DESER_6BIT rising at 60.000ns
  Clock Uncertainty:    0.447ns

  Clock Uncertainty:          0.447ns  ((TSJ^2 + DJ^2)^1/2) / 2 + PE
    Total System Jitter (TSJ):  0.070ns
    Discrete Jitter (DJ):       0.449ns
    Phase Error (PE):           0.219ns

  Maximum Data Path at Slow Process Corner: I_DUAL_FIFO_LINE_COMBINE/I_ENA_WRITE_FIFO_15 to I_DUAL_FIFO_LINE_COMBINE/GROUP2_FIFOS[6].I_SEG_FIFO/U0/xst_fifo_generator/gconvfifo.rf/grf.rf/gntv_or_sync_fifo.gl0.wr/wpntr/gic0.gc1.count_d1_9
    Location             Delay type         Delay(ns)  Physical Resource
                                                       Logical Resource(s)
    -------------------------------------------------  -------------------
    SLICE_X80Y141.BMUX   Tshcko                0.488   I_DUAL_FIFO_LINE_COMBINE/I_ENA_WRITE_FIFO<9>
                                                       I_DUAL_FIFO_LINE_COMBINE/I_ENA_WRITE_FIFO_15
    SLICE_X31Y138.C5     net (fanout=18)       4.892   I_DUAL_FIFO_LINE_COMBINE/I_ENA_WRITE_FIFO<15>
    SLICE_X31Y138.C      Tilo                  0.259   I_DUAL_FIFO_LINE_COMBINE/GROUP2_FIFOS[6].I_SEG_FIFO/U0/xst_fifo_generator/gconvfifo.rf/grf.rf/ram_wr_en
                                                       I_DUAL_FIFO_LINE_COMBINE/GROUP2_FIFOS[6].I_SEG_FIFO/U0/xst_fifo_generator/gconvfifo.rf/grf.rf/gntv_or_sync_fifo.gl0.wr/ram_wr_en_i1
    SLICE_X28Y137.CE     net (fanout=9)        7.025   I_DUAL_FIFO_LINE_COMBINE/GROUP2_FIFOS[6].I_SEG_FIFO/U0/xst_fifo_generator/gconvfifo.rf/grf.rf/ram_wr_en
    SLICE_X28Y137.CLK    Tceck                 0.335   I_DUAL_FIFO_LINE_COMBINE/GROUP2_FIFOS[6].I_SEG_FIFO/U0/xst_fifo_generator/gconvfifo.rf/grf.rf/gntv_or_sync_fifo.gl0.wr/wpntr/gic0.gc1.count<9>
                                                       I_DUAL_FIFO_LINE_COMBINE/GROUP2_FIFOS[6].I_SEG_FIFO/U0/xst_fifo_generator/gconvfifo.rf/grf.rf/gntv_or_sync_fifo.gl0.wr/wpntr/gic0.gc1.count_d1_9
    -------------------------------------------------  ---------------------------
    Total                                     12.999ns (1.082ns logic, 11.917ns route)
                                                       (8.3% logic, 91.7% route)

--------------------------------------------------------------------------------
Slack (setup path):     51.373ns (requirement - (data path - clock path skew + uncertainty))
  Source:               I_DUAL_FIFO_LINE_COMBINE/GROUP2_FIFOS[6].I_SEG_FIFO/U0/xst_fifo_generator/gconvfifo.rf/grf.rf/gntv_or_sync_fifo.gl0.wr/gwas.wsts/ram_full_fb_i (FF)
  Destination:          I_DUAL_FIFO_LINE_COMBINE/GROUP2_FIFOS[6].I_SEG_FIFO/U0/xst_fifo_generator/gconvfifo.rf/grf.rf/gntv_or_sync_fifo.gl0.wr/wpntr/gic0.gc1.count_d1_9 (FF)
  Requirement:          60.000ns
  Data Path Delay:      8.479ns (Levels of Logic = 1)
  Clock Path Skew:      -0.019ns (0.233 - 0.252)
  Source Clock:         CLOCK_DESER_6BIT rising at 0.000ns
  Destination Clock:    CLOCK_DESER_6BIT rising at 60.000ns
  Clock Uncertainty:    0.129ns

  Clock Uncertainty:          0.129ns  ((TSJ^2 + DJ^2)^1/2) / 2 + PE
    Total System Jitter (TSJ):  0.070ns
    Discrete Jitter (DJ):       0.249ns
    Phase Error (PE):           0.000ns

  Maximum Data Path at Slow Process Corner: I_DUAL_FIFO_LINE_COMBINE/GROUP2_FIFOS[6].I_SEG_FIFO/U0/xst_fifo_generator/gconvfifo.rf/grf.rf/gntv_or_sync_fifo.gl0.wr/gwas.wsts/ram_full_fb_i to I_DUAL_FIFO_LINE_COMBINE/GROUP2_FIFOS[6].I_SEG_FIFO/U0/xst_fifo_generator/gconvfifo.rf/grf.rf/gntv_or_sync_fifo.gl0.wr/wpntr/gic0.gc1.count_d1_9
    Location             Delay type         Delay(ns)  Physical Resource
                                                       Logical Resource(s)
    -------------------------------------------------  -------------------
    SLICE_X31Y139.AQ     Tcko                  0.391   I_DUAL_FIFO_LINE_COMBINE/GROUP2_FIFOS[6].I_SEG_FIFO/U0/xst_fifo_generator/gconvfifo.rf/grf.rf/gntv_or_sync_fifo.gl0.wr/gwas.wsts/ram_full_fb_i
                                                       I_DUAL_FIFO_LINE_COMBINE/GROUP2_FIFOS[6].I_SEG_FIFO/U0/xst_fifo_generator/gconvfifo.rf/grf.rf/gntv_or_sync_fifo.gl0.wr/gwas.wsts/ram_full_fb_i
    SLICE_X31Y138.C3     net (fanout=4)        0.469   I_DUAL_FIFO_LINE_COMBINE/GROUP2_FIFOS[6].I_SEG_FIFO/U0/xst_fifo_generator/gconvfifo.rf/grf.rf/gntv_or_sync_fifo.gl0.wr/gwas.wsts/ram_full_fb_i
    SLICE_X31Y138.C      Tilo                  0.259   I_DUAL_FIFO_LINE_COMBINE/GROUP2_FIFOS[6].I_SEG_FIFO/U0/xst_fifo_generator/gconvfifo.rf/grf.rf/ram_wr_en
                                                       I_DUAL_FIFO_LINE_COMBINE/GROUP2_FIFOS[6].I_SEG_FIFO/U0/xst_fifo_generator/gconvfifo.rf/grf.rf/gntv_or_sync_fifo.gl0.wr/ram_wr_en_i1
    SLICE_X28Y137.CE     net (fanout=9)        7.025   I_DUAL_FIFO_LINE_COMBINE/GROUP2_FIFOS[6].I_SEG_FIFO/U0/xst_fifo_generator/gconvfifo.rf/grf.rf/ram_wr_en
    SLICE_X28Y137.CLK    Tceck                 0.335   I_DUAL_FIFO_LINE_COMBINE/GROUP2_FIFOS[6].I_SEG_FIFO/U0/xst_fifo_generator/gconvfifo.rf/grf.rf/gntv_or_sync_fifo.gl0.wr/wpntr/gic0.gc1.count<9>
                                                       I_DUAL_FIFO_LINE_COMBINE/GROUP2_FIFOS[6].I_SEG_FIFO/U0/xst_fifo_generator/gconvfifo.rf/grf.rf/gntv_or_sync_fifo.gl0.wr/wpntr/gic0.gc1.count_d1_9
    -------------------------------------------------  ---------------------------
    Total                                      8.479ns (0.985ns logic, 7.494ns route)
                                                       (11.6% logic, 88.4% route)

--------------------------------------------------------------------------------

Paths for end point I_DUAL_FIFO_LINE_COMBINE/GROUP2_FIFOS[6].I_SEG_FIFO/U0/xst_fifo_generator/gconvfifo.rf/grf.rf/gntv_or_sync_fifo.gl0.wr/wpntr/gic0.gc1.count_9 (SLICE_X28Y137.CE), 2 paths
--------------------------------------------------------------------------------
Slack (setup path):     0.065ns (requirement - (data path - clock path skew + uncertainty))
  Source:               I_DUAL_FIFO_LINE_COMBINE/I_ENA_WRITE_FIFO_15 (FF)
  Destination:          I_DUAL_FIFO_LINE_COMBINE/GROUP2_FIFOS[6].I_SEG_FIFO/U0/xst_fifo_generator/gconvfifo.rf/grf.rf/gntv_or_sync_fifo.gl0.wr/wpntr/gic0.gc1.count_9 (FF)
  Requirement:          10.000ns
  Data Path Delay:      12.960ns (Levels of Logic = 1)
  Clock Path Skew:      3.472ns (3.164 - -0.308)
  Source Clock:         CLOCK_100 rising at 50.000ns
  Destination Clock:    CLOCK_DESER_6BIT rising at 60.000ns
  Clock Uncertainty:    0.447ns

  Clock Uncertainty:          0.447ns  ((TSJ^2 + DJ^2)^1/2) / 2 + PE
    Total System Jitter (TSJ):  0.070ns
    Discrete Jitter (DJ):       0.449ns
    Phase Error (PE):           0.219ns

  Maximum Data Path at Slow Process Corner: I_DUAL_FIFO_LINE_COMBINE/I_ENA_WRITE_FIFO_15 to I_DUAL_FIFO_LINE_COMBINE/GROUP2_FIFOS[6].I_SEG_FIFO/U0/xst_fifo_generator/gconvfifo.rf/grf.rf/gntv_or_sync_fifo.gl0.wr/wpntr/gic0.gc1.count_9
    Location             Delay type         Delay(ns)  Physical Resource
                                                       Logical Resource(s)
    -------------------------------------------------  -------------------
    SLICE_X80Y141.BMUX   Tshcko                0.488   I_DUAL_FIFO_LINE_COMBINE/I_ENA_WRITE_FIFO<9>
                                                       I_DUAL_FIFO_LINE_COMBINE/I_ENA_WRITE_FIFO_15
    SLICE_X31Y138.C5     net (fanout=18)       4.892   I_DUAL_FIFO_LINE_COMBINE/I_ENA_WRITE_FIFO<15>
    SLICE_X31Y138.C      Tilo                  0.259   I_DUAL_FIFO_LINE_COMBINE/GROUP2_FIFOS[6].I_SEG_FIFO/U0/xst_fifo_generator/gconvfifo.rf/grf.rf/ram_wr_en
                                                       I_DUAL_FIFO_LINE_COMBINE/GROUP2_FIFOS[6].I_SEG_FIFO/U0/xst_fifo_generator/gconvfifo.rf/grf.rf/gntv_or_sync_fifo.gl0.wr/ram_wr_en_i1
    SLICE_X28Y137.CE     net (fanout=9)        7.025   I_DUAL_FIFO_LINE_COMBINE/GROUP2_FIFOS[6].I_SEG_FIFO/U0/xst_fifo_generator/gconvfifo.rf/grf.rf/ram_wr_en
    SLICE_X28Y137.CLK    Tceck                 0.296   I_DUAL_FIFO_LINE_COMBINE/GROUP2_FIFOS[6].I_SEG_FIFO/U0/xst_fifo_generator/gconvfifo.rf/grf.rf/gntv_or_sync_fifo.gl0.wr/wpntr/gic0.gc1.count<9>
                                                       I_DUAL_FIFO_LINE_COMBINE/GROUP2_FIFOS[6].I_SEG_FIFO/U0/xst_fifo_generator/gconvfifo.rf/grf.rf/gntv_or_sync_fifo.gl0.wr/wpntr/gic0.gc1.count_9
    -------------------------------------------------  ---------------------------
    Total                                     12.960ns (1.043ns logic, 11.917ns route)
                                                       (8.0% logic, 92.0% route)

--------------------------------------------------------------------------------
Slack (setup path):     51.412ns (requirement - (data path - clock path skew + uncertainty))
  Source:               I_DUAL_FIFO_LINE_COMBINE/GROUP2_FIFOS[6].I_SEG_FIFO/U0/xst_fifo_generator/gconvfifo.rf/grf.rf/gntv_or_sync_fifo.gl0.wr/gwas.wsts/ram_full_fb_i (FF)
  Destination:          I_DUAL_FIFO_LINE_COMBINE/GROUP2_FIFOS[6].I_SEG_FIFO/U0/xst_fifo_generator/gconvfifo.rf/grf.rf/gntv_or_sync_fifo.gl0.wr/wpntr/gic0.gc1.count_9 (FF)
  Requirement:          60.000ns
  Data Path Delay:      8.440ns (Levels of Logic = 1)
  Clock Path Skew:      -0.019ns (0.233 - 0.252)
  Source Clock:         CLOCK_DESER_6BIT rising at 0.000ns
  Destination Clock:    CLOCK_DESER_6BIT rising at 60.000ns
  Clock Uncertainty:    0.129ns

  Clock Uncertainty:          0.129ns  ((TSJ^2 + DJ^2)^1/2) / 2 + PE
    Total System Jitter (TSJ):  0.070ns
    Discrete Jitter (DJ):       0.249ns
    Phase Error (PE):           0.000ns

  Maximum Data Path at Slow Process Corner: I_DUAL_FIFO_LINE_COMBINE/GROUP2_FIFOS[6].I_SEG_FIFO/U0/xst_fifo_generator/gconvfifo.rf/grf.rf/gntv_or_sync_fifo.gl0.wr/gwas.wsts/ram_full_fb_i to I_DUAL_FIFO_LINE_COMBINE/GROUP2_FIFOS[6].I_SEG_FIFO/U0/xst_fifo_generator/gconvfifo.rf/grf.rf/gntv_or_sync_fifo.gl0.wr/wpntr/gic0.gc1.count_9
    Location             Delay type         Delay(ns)  Physical Resource
                                                       Logical Resource(s)
    -------------------------------------------------  -------------------
    SLICE_X31Y139.AQ     Tcko                  0.391   I_DUAL_FIFO_LINE_COMBINE/GROUP2_FIFOS[6].I_SEG_FIFO/U0/xst_fifo_generator/gconvfifo.rf/grf.rf/gntv_or_sync_fifo.gl0.wr/gwas.wsts/ram_full_fb_i
                                                       I_DUAL_FIFO_LINE_COMBINE/GROUP2_FIFOS[6].I_SEG_FIFO/U0/xst_fifo_generator/gconvfifo.rf/grf.rf/gntv_or_sync_fifo.gl0.wr/gwas.wsts/ram_full_fb_i
    SLICE_X31Y138.C3     net (fanout=4)        0.469   I_DUAL_FIFO_LINE_COMBINE/GROUP2_FIFOS[6].I_SEG_FIFO/U0/xst_fifo_generator/gconvfifo.rf/grf.rf/gntv_or_sync_fifo.gl0.wr/gwas.wsts/ram_full_fb_i
    SLICE_X31Y138.C      Tilo                  0.259   I_DUAL_FIFO_LINE_COMBINE/GROUP2_FIFOS[6].I_SEG_FIFO/U0/xst_fifo_generator/gconvfifo.rf/grf.rf/ram_wr_en
                                                       I_DUAL_FIFO_LINE_COMBINE/GROUP2_FIFOS[6].I_SEG_FIFO/U0/xst_fifo_generator/gconvfifo.rf/grf.rf/gntv_or_sync_fifo.gl0.wr/ram_wr_en_i1
    SLICE_X28Y137.CE     net (fanout=9)        7.025   I_DUAL_FIFO_LINE_COMBINE/GROUP2_FIFOS[6].I_SEG_FIFO/U0/xst_fifo_generator/gconvfifo.rf/grf.rf/ram_wr_en
    SLICE_X28Y137.CLK    Tceck                 0.296   I_DUAL_FIFO_LINE_COMBINE/GROUP2_FIFOS[6].I_SEG_FIFO/U0/xst_fifo_generator/gconvfifo.rf/grf.rf/gntv_or_sync_fifo.gl0.wr/wpntr/gic0.gc1.count<9>
                                                       I_DUAL_FIFO_LINE_COMBINE/GROUP2_FIFOS[6].I_SEG_FIFO/U0/xst_fifo_generator/gconvfifo.rf/grf.rf/gntv_or_sync_fifo.gl0.wr/wpntr/gic0.gc1.count_9
    -------------------------------------------------  ---------------------------
    Total                                      8.440ns (0.946ns logic, 7.494ns route)
                                                       (11.2% logic, 88.8% route)

--------------------------------------------------------------------------------

Paths for end point I_DUAL_FIFO_LINE_COMBINE/GROUP2_FIFOS[6].I_SEG_FIFO/U0/xst_fifo_generator/gconvfifo.rf/grf.rf/gntv_or_sync_fifo.gl0.wr/wpntr/gic0.gc1.count_d1_6 (SLICE_X29Y137.CE), 2 paths
--------------------------------------------------------------------------------
Slack (setup path):     0.254ns (requirement - (data path - clock path skew + uncertainty))
  Source:               I_DUAL_FIFO_LINE_COMBINE/I_ENA_WRITE_FIFO_15 (FF)
  Destination:          I_DUAL_FIFO_LINE_COMBINE/GROUP2_FIFOS[6].I_SEG_FIFO/U0/xst_fifo_generator/gconvfifo.rf/grf.rf/gntv_or_sync_fifo.gl0.wr/wpntr/gic0.gc1.count_d1_6 (FF)
  Requirement:          10.000ns
  Data Path Delay:      12.771ns (Levels of Logic = 1)
  Clock Path Skew:      3.472ns (3.164 - -0.308)
  Source Clock:         CLOCK_100 rising at 50.000ns
  Destination Clock:    CLOCK_DESER_6BIT rising at 60.000ns
  Clock Uncertainty:    0.447ns

  Clock Uncertainty:          0.447ns  ((TSJ^2 + DJ^2)^1/2) / 2 + PE
    Total System Jitter (TSJ):  0.070ns
    Discrete Jitter (DJ):       0.449ns
    Phase Error (PE):           0.219ns

  Maximum Data Path at Slow Process Corner: I_DUAL_FIFO_LINE_COMBINE/I_ENA_WRITE_FIFO_15 to I_DUAL_FIFO_LINE_COMBINE/GROUP2_FIFOS[6].I_SEG_FIFO/U0/xst_fifo_generator/gconvfifo.rf/grf.rf/gntv_or_sync_fifo.gl0.wr/wpntr/gic0.gc1.count_d1_6
    Location             Delay type         Delay(ns)  Physical Resource
                                                       Logical Resource(s)
    -------------------------------------------------  -------------------
    SLICE_X80Y141.BMUX   Tshcko                0.488   I_DUAL_FIFO_LINE_COMBINE/I_ENA_WRITE_FIFO<9>
                                                       I_DUAL_FIFO_LINE_COMBINE/I_ENA_WRITE_FIFO_15
    SLICE_X31Y138.C5     net (fanout=18)       4.892   I_DUAL_FIFO_LINE_COMBINE/I_ENA_WRITE_FIFO<15>
    SLICE_X31Y138.C      Tilo                  0.259   I_DUAL_FIFO_LINE_COMBINE/GROUP2_FIFOS[6].I_SEG_FIFO/U0/xst_fifo_generator/gconvfifo.rf/grf.rf/ram_wr_en
                                                       I_DUAL_FIFO_LINE_COMBINE/GROUP2_FIFOS[6].I_SEG_FIFO/U0/xst_fifo_generator/gconvfifo.rf/grf.rf/gntv_or_sync_fifo.gl0.wr/ram_wr_en_i1
    SLICE_X29Y137.CE     net (fanout=9)        6.770   I_DUAL_FIFO_LINE_COMBINE/GROUP2_FIFOS[6].I_SEG_FIFO/U0/xst_fifo_generator/gconvfifo.rf/grf.rf/ram_wr_en
    SLICE_X29Y137.CLK    Tceck                 0.362   I_DUAL_FIFO_LINE_COMBINE/GROUP2_FIFOS[6].I_SEG_FIFO/U0/xst_fifo_generator/gconvfifo.rf/grf.rf/gntv_or_sync_fifo.gl0.wr/wpntr/gic0.gc1.count_d1<8>
                                                       I_DUAL_FIFO_LINE_COMBINE/GROUP2_FIFOS[6].I_SEG_FIFO/U0/xst_fifo_generator/gconvfifo.rf/grf.rf/gntv_or_sync_fifo.gl0.wr/wpntr/gic0.gc1.count_d1_6
    -------------------------------------------------  ---------------------------
    Total                                     12.771ns (1.109ns logic, 11.662ns route)
                                                       (8.7% logic, 91.3% route)

--------------------------------------------------------------------------------
Slack (setup path):     51.601ns (requirement - (data path - clock path skew + uncertainty))
  Source:               I_DUAL_FIFO_LINE_COMBINE/GROUP2_FIFOS[6].I_SEG_FIFO/U0/xst_fifo_generator/gconvfifo.rf/grf.rf/gntv_or_sync_fifo.gl0.wr/gwas.wsts/ram_full_fb_i (FF)
  Destination:          I_DUAL_FIFO_LINE_COMBINE/GROUP2_FIFOS[6].I_SEG_FIFO/U0/xst_fifo_generator/gconvfifo.rf/grf.rf/gntv_or_sync_fifo.gl0.wr/wpntr/gic0.gc1.count_d1_6 (FF)
  Requirement:          60.000ns
  Data Path Delay:      8.251ns (Levels of Logic = 1)
  Clock Path Skew:      -0.019ns (0.233 - 0.252)
  Source Clock:         CLOCK_DESER_6BIT rising at 0.000ns
  Destination Clock:    CLOCK_DESER_6BIT rising at 60.000ns
  Clock Uncertainty:    0.129ns

  Clock Uncertainty:          0.129ns  ((TSJ^2 + DJ^2)^1/2) / 2 + PE
    Total System Jitter (TSJ):  0.070ns
    Discrete Jitter (DJ):       0.249ns
    Phase Error (PE):           0.000ns

  Maximum Data Path at Slow Process Corner: I_DUAL_FIFO_LINE_COMBINE/GROUP2_FIFOS[6].I_SEG_FIFO/U0/xst_fifo_generator/gconvfifo.rf/grf.rf/gntv_or_sync_fifo.gl0.wr/gwas.wsts/ram_full_fb_i to I_DUAL_FIFO_LINE_COMBINE/GROUP2_FIFOS[6].I_SEG_FIFO/U0/xst_fifo_generator/gconvfifo.rf/grf.rf/gntv_or_sync_fifo.gl0.wr/wpntr/gic0.gc1.count_d1_6
    Location             Delay type         Delay(ns)  Physical Resource
                                                       Logical Resource(s)
    -------------------------------------------------  -------------------
    SLICE_X31Y139.AQ     Tcko                  0.391   I_DUAL_FIFO_LINE_COMBINE/GROUP2_FIFOS[6].I_SEG_FIFO/U0/xst_fifo_generator/gconvfifo.rf/grf.rf/gntv_or_sync_fifo.gl0.wr/gwas.wsts/ram_full_fb_i
                                                       I_DUAL_FIFO_LINE_COMBINE/GROUP2_FIFOS[6].I_SEG_FIFO/U0/xst_fifo_generator/gconvfifo.rf/grf.rf/gntv_or_sync_fifo.gl0.wr/gwas.wsts/ram_full_fb_i
    SLICE_X31Y138.C3     net (fanout=4)        0.469   I_DUAL_FIFO_LINE_COMBINE/GROUP2_FIFOS[6].I_SEG_FIFO/U0/xst_fifo_generator/gconvfifo.rf/grf.rf/gntv_or_sync_fifo.gl0.wr/gwas.wsts/ram_full_fb_i
    SLICE_X31Y138.C      Tilo                  0.259   I_DUAL_FIFO_LINE_COMBINE/GROUP2_FIFOS[6].I_SEG_FIFO/U0/xst_fifo_generator/gconvfifo.rf/grf.rf/ram_wr_en
                                                       I_DUAL_FIFO_LINE_COMBINE/GROUP2_FIFOS[6].I_SEG_FIFO/U0/xst_fifo_generator/gconvfifo.rf/grf.rf/gntv_or_sync_fifo.gl0.wr/ram_wr_en_i1
    SLICE_X29Y137.CE     net (fanout=9)        6.770   I_DUAL_FIFO_LINE_COMBINE/GROUP2_FIFOS[6].I_SEG_FIFO/U0/xst_fifo_generator/gconvfifo.rf/grf.rf/ram_wr_en
    SLICE_X29Y137.CLK    Tceck                 0.362   I_DUAL_FIFO_LINE_COMBINE/GROUP2_FIFOS[6].I_SEG_FIFO/U0/xst_fifo_generator/gconvfifo.rf/grf.rf/gntv_or_sync_fifo.gl0.wr/wpntr/gic0.gc1.count_d1<8>
                                                       I_DUAL_FIFO_LINE_COMBINE/GROUP2_FIFOS[6].I_SEG_FIFO/U0/xst_fifo_generator/gconvfifo.rf/grf.rf/gntv_or_sync_fifo.gl0.wr/wpntr/gic0.gc1.count_d1_6
    -------------------------------------------------  ---------------------------
    Total                                      8.251ns (1.012ns logic, 7.239ns route)
                                                       (12.3% logic, 87.7% route)

--------------------------------------------------------------------------------

Hold Paths: TS_PLL_DESER_INST_clkout1 = PERIOD TIMEGRP "PLL_DESER_INST_clkout1" TS_CLOCK /
        0.166666667 HIGH 50%;
--------------------------------------------------------------------------------

Paths for end point I_DUAL_FIFO_LINE_COMBINE/GROUP2_FIFOS[2].I_SEG_FIFO/U0/xst_fifo_generator/gconvfifo.rf/grf.rf/gntv_or_sync_fifo.gl0.wr/wpntr/gic0.gc1.count_d1_0 (SLICE_X122Y122.B3), 1 path
--------------------------------------------------------------------------------
Slack (hold path):      0.087ns (requirement - (clock path skew + uncertainty - data path))
  Source:               I_DUAL_FIFO_LINE_COMBINE/I_ENA_WRITE_FIFO_15 (FF)
  Destination:          I_DUAL_FIFO_LINE_COMBINE/GROUP2_FIFOS[2].I_SEG_FIFO/U0/xst_fifo_generator/gconvfifo.rf/grf.rf/gntv_or_sync_fifo.gl0.wr/wpntr/gic0.gc1.count_d1_0 (FF)
  Requirement:          0.000ns
  Data Path Delay:      4.122ns (Levels of Logic = 1)
  Clock Path Skew:      3.588ns (3.650 - 0.062)
  Source Clock:         CLOCK_100 rising at 60.000ns
  Destination Clock:    CLOCK_DESER_6BIT rising at 60.000ns
  Clock Uncertainty:    0.447ns

  Clock Uncertainty:          0.447ns  ((TSJ^2 + DJ^2)^1/2) / 2 + PE
    Total System Jitter (TSJ):  0.070ns
    Discrete Jitter (DJ):       0.449ns
    Phase Error (PE):           0.219ns

  Minimum Data Path at Slow Process Corner: I_DUAL_FIFO_LINE_COMBINE/I_ENA_WRITE_FIFO_15 to I_DUAL_FIFO_LINE_COMBINE/GROUP2_FIFOS[2].I_SEG_FIFO/U0/xst_fifo_generator/gconvfifo.rf/grf.rf/gntv_or_sync_fifo.gl0.wr/wpntr/gic0.gc1.count_d1_0
    Location             Delay type         Delay(ns)  Physical Resource
                                                       Logical Resource(s)
    -------------------------------------------------  -------------------
    SLICE_X80Y141.BMUX   Tshcko                0.460   I_DUAL_FIFO_LINE_COMBINE/I_ENA_WRITE_FIFO<9>
                                                       I_DUAL_FIFO_LINE_COMBINE/I_ENA_WRITE_FIFO_15
    SLICE_X122Y122.B3    net (fanout=18)       3.483   I_DUAL_FIFO_LINE_COMBINE/I_ENA_WRITE_FIFO<15>
    SLICE_X122Y122.CLK   Tah         (-Th)    -0.179   I_DUAL_FIFO_LINE_COMBINE/GROUP2_FIFOS[2].I_SEG_FIFO/U0/xst_fifo_generator/gconvfifo.rf/grf.rf/ram_wr_en
                                                       I_DUAL_FIFO_LINE_COMBINE/GROUP2_FIFOS[2].I_SEG_FIFO/U0/xst_fifo_generator/gconvfifo.rf/grf.rf/gntv_or_sync_fifo.gl0.wr/wpntr/gic0.gc1.count_d1_0_dpot
                                                       I_DUAL_FIFO_LINE_COMBINE/GROUP2_FIFOS[2].I_SEG_FIFO/U0/xst_fifo_generator/gconvfifo.rf/grf.rf/gntv_or_sync_fifo.gl0.wr/wpntr/gic0.gc1.count_d1_0
    -------------------------------------------------  ---------------------------
    Total                                      4.122ns (0.639ns logic, 3.483ns route)
                                                       (15.5% logic, 84.5% route)

--------------------------------------------------------------------------------

Paths for end point I_DUAL_FIFO_LINE_COMBINE/GROUP2_FIFOS[2].I_SEG_FIFO/U0/xst_fifo_generator/gconvfifo.rf/grf.rf/gntv_or_sync_fifo.gl0.wr/gwas.wsts/ram_full_fb_i (SLICE_X123Y122.A3), 1 path
--------------------------------------------------------------------------------
Slack (hold path):      0.168ns (requirement - (clock path skew + uncertainty - data path))
  Source:               I_DUAL_FIFO_LINE_COMBINE/I_ENA_WRITE_FIFO_15 (FF)
  Destination:          I_DUAL_FIFO_LINE_COMBINE/GROUP2_FIFOS[2].I_SEG_FIFO/U0/xst_fifo_generator/gconvfifo.rf/grf.rf/gntv_or_sync_fifo.gl0.wr/gwas.wsts/ram_full_fb_i (FF)
  Requirement:          0.000ns
  Data Path Delay:      4.203ns (Levels of Logic = 1)
  Clock Path Skew:      3.588ns (3.650 - 0.062)
  Source Clock:         CLOCK_100 rising at 60.000ns
  Destination Clock:    CLOCK_DESER_6BIT rising at 60.000ns
  Clock Uncertainty:    0.447ns

  Clock Uncertainty:          0.447ns  ((TSJ^2 + DJ^2)^1/2) / 2 + PE
    Total System Jitter (TSJ):  0.070ns
    Discrete Jitter (DJ):       0.449ns
    Phase Error (PE):           0.219ns

  Minimum Data Path at Slow Process Corner: I_DUAL_FIFO_LINE_COMBINE/I_ENA_WRITE_FIFO_15 to I_DUAL_FIFO_LINE_COMBINE/GROUP2_FIFOS[2].I_SEG_FIFO/U0/xst_fifo_generator/gconvfifo.rf/grf.rf/gntv_or_sync_fifo.gl0.wr/gwas.wsts/ram_full_fb_i
    Location             Delay type         Delay(ns)  Physical Resource
                                                       Logical Resource(s)
    -------------------------------------------------  -------------------
    SLICE_X80Y141.BMUX   Tshcko                0.460   I_DUAL_FIFO_LINE_COMBINE/I_ENA_WRITE_FIFO<9>
                                                       I_DUAL_FIFO_LINE_COMBINE/I_ENA_WRITE_FIFO_15
    SLICE_X123Y122.A3    net (fanout=18)       3.451   I_DUAL_FIFO_LINE_COMBINE/I_ENA_WRITE_FIFO<15>
    SLICE_X123Y122.CLK   Tah         (-Th)    -0.292   I_DUAL_FIFO_LINE_COMBINE/GROUP2_FIFOS[2].I_SEG_FIFO/U0/xst_fifo_generator/gconvfifo.rf/grf.rf/gntv_or_sync_fifo.gl0.wr/gwas.wsts/ram_full_fb_i
                                                       I_DUAL_FIFO_LINE_COMBINE/GROUP2_FIFOS[2].I_SEG_FIFO/U0/xst_fifo_generator/gconvfifo.rf/grf.rf/gntv_or_sync_fifo.gl0.wr/gwas.wsts/Mmux_comp1_GND_196_o_MUX_36_o11
                                                       I_DUAL_FIFO_LINE_COMBINE/GROUP2_FIFOS[2].I_SEG_FIFO/U0/xst_fifo_generator/gconvfifo.rf/grf.rf/gntv_or_sync_fifo.gl0.wr/gwas.wsts/ram_full_fb_i
    -------------------------------------------------  ---------------------------
    Total                                      4.203ns (0.752ns logic, 3.451ns route)
                                                       (17.9% logic, 82.1% route)

--------------------------------------------------------------------------------

Paths for end point I_DUAL_FIFO_LINE_COMBINE/GROUP2_FIFOS[6].I_SEG_FIFO/U0/xst_fifo_generator/gconvfifo.rf/grf.rf/gntv_or_sync_fifo.gl0.wr/wpntr/gic0.gc1.count_d2_2 (SLICE_X33Y137.CE), 2 paths
--------------------------------------------------------------------------------
Slack (hold path):      0.187ns (requirement - (clock path skew + uncertainty - data path))
  Source:               I_DUAL_FIFO_LINE_COMBINE/I_ENA_WRITE_FIFO_15 (FF)
  Destination:          I_DUAL_FIFO_LINE_COMBINE/GROUP2_FIFOS[6].I_SEG_FIFO/U0/xst_fifo_generator/gconvfifo.rf/grf.rf/gntv_or_sync_fifo.gl0.wr/wpntr/gic0.gc1.count_d2_2 (FF)
  Requirement:          0.000ns
  Data Path Delay:      4.311ns (Levels of Logic = 1)
  Clock Path Skew:      3.677ns (3.739 - 0.062)
  Source Clock:         CLOCK_100 rising at 60.000ns
  Destination Clock:    CLOCK_DESER_6BIT rising at 60.000ns
  Clock Uncertainty:    0.447ns

  Clock Uncertainty:          0.447ns  ((TSJ^2 + DJ^2)^1/2) / 2 + PE
    Total System Jitter (TSJ):  0.070ns
    Discrete Jitter (DJ):       0.449ns
    Phase Error (PE):           0.219ns

  Minimum Data Path at Slow Process Corner: I_DUAL_FIFO_LINE_COMBINE/I_ENA_WRITE_FIFO_15 to I_DUAL_FIFO_LINE_COMBINE/GROUP2_FIFOS[6].I_SEG_FIFO/U0/xst_fifo_generator/gconvfifo.rf/grf.rf/gntv_or_sync_fifo.gl0.wr/wpntr/gic0.gc1.count_d2_2
    Location             Delay type         Delay(ns)  Physical Resource
                                                       Logical Resource(s)
    -------------------------------------------------  -------------------
    SLICE_X80Y141.BMUX   Tshcko                0.460   I_DUAL_FIFO_LINE_COMBINE/I_ENA_WRITE_FIFO<9>
                                                       I_DUAL_FIFO_LINE_COMBINE/I_ENA_WRITE_FIFO_15
    SLICE_X33Y137.A5     net (fanout=18)       3.024   I_DUAL_FIFO_LINE_COMBINE/I_ENA_WRITE_FIFO<15>
    SLICE_X33Y137.A      Tilo                  0.244   I_DUAL_FIFO_LINE_COMBINE/GROUP2_FIFOS[6].I_SEG_FIFO/U0/xst_fifo_generator/gconvfifo.rf/grf.rf/gntv_or_sync_fifo.gl0.wr/wpntr/gic0.gc1.count_d2<5>
                                                       I_DUAL_FIFO_LINE_COMBINE/GROUP2_FIFOS[6].I_SEG_FIFO/U0/xst_fifo_generator/gconvfifo.rf/grf.rf/gntv_or_sync_fifo.gl0.wr/ram_wr_en_i1_1
    SLICE_X33Y137.CE     net (fanout=3)        0.684   I_DUAL_FIFO_LINE_COMBINE/GROUP2_FIFOS[6].I_SEG_FIFO/U0/xst_fifo_generator/gconvfifo.rf/grf.rf/gntv_or_sync_fifo.gl0.wr/ram_wr_en_i1
    SLICE_X33Y137.CLK    Tckce       (-Th)     0.101   I_DUAL_FIFO_LINE_COMBINE/GROUP2_FIFOS[6].I_SEG_FIFO/U0/xst_fifo_generator/gconvfifo.rf/grf.rf/gntv_or_sync_fifo.gl0.wr/wpntr/gic0.gc1.count_d2<5>
                                                       I_DUAL_FIFO_LINE_COMBINE/GROUP2_FIFOS[6].I_SEG_FIFO/U0/xst_fifo_generator/gconvfifo.rf/grf.rf/gntv_or_sync_fifo.gl0.wr/wpntr/gic0.gc1.count_d2_2
    -------------------------------------------------  ---------------------------
    Total                                      4.311ns (0.603ns logic, 3.708ns route)
                                                       (14.0% logic, 86.0% route)

--------------------------------------------------------------------------------
Slack (hold path):      1.468ns (requirement - (clock path skew + uncertainty - data path))
  Source:               I_DUAL_FIFO_LINE_COMBINE/GROUP2_FIFOS[6].I_SEG_FIFO/U0/xst_fifo_generator/gconvfifo.rf/grf.rf/gntv_or_sync_fifo.gl0.wr/gwas.wsts/ram_full_fb_i (FF)
  Destination:          I_DUAL_FIFO_LINE_COMBINE/GROUP2_FIFOS[6].I_SEG_FIFO/U0/xst_fifo_generator/gconvfifo.rf/grf.rf/gntv_or_sync_fifo.gl0.wr/wpntr/gic0.gc1.count_d2_2 (FF)
  Requirement:          0.000ns
  Data Path Delay:      1.466ns (Levels of Logic = 1)
  Clock Path Skew:      -0.002ns (0.066 - 0.068)
  Source Clock:         CLOCK_DESER_6BIT rising at 60.000ns
  Destination Clock:    CLOCK_DESER_6BIT rising at 60.000ns
  Clock Uncertainty:    0.000ns

  Minimum Data Path at Fast Process Corner: I_DUAL_FIFO_LINE_COMBINE/GROUP2_FIFOS[6].I_SEG_FIFO/U0/xst_fifo_generator/gconvfifo.rf/grf.rf/gntv_or_sync_fifo.gl0.wr/gwas.wsts/ram_full_fb_i to I_DUAL_FIFO_LINE_COMBINE/GROUP2_FIFOS[6].I_SEG_FIFO/U0/xst_fifo_generator/gconvfifo.rf/grf.rf/gntv_or_sync_fifo.gl0.wr/wpntr/gic0.gc1.count_d2_2
    Location             Delay type         Delay(ns)  Physical Resource
                                                       Logical Resource(s)
    -------------------------------------------------  -------------------
    SLICE_X31Y139.AQ     Tcko                  0.198   I_DUAL_FIFO_LINE_COMBINE/GROUP2_FIFOS[6].I_SEG_FIFO/U0/xst_fifo_generator/gconvfifo.rf/grf.rf/gntv_or_sync_fifo.gl0.wr/gwas.wsts/ram_full_fb_i
                                                       I_DUAL_FIFO_LINE_COMBINE/GROUP2_FIFOS[6].I_SEG_FIFO/U0/xst_fifo_generator/gconvfifo.rf/grf.rf/gntv_or_sync_fifo.gl0.wr/gwas.wsts/ram_full_fb_i
    SLICE_X33Y137.A1     net (fanout=4)        0.568   I_DUAL_FIFO_LINE_COMBINE/GROUP2_FIFOS[6].I_SEG_FIFO/U0/xst_fifo_generator/gconvfifo.rf/grf.rf/gntv_or_sync_fifo.gl0.wr/gwas.wsts/ram_full_fb_i
    SLICE_X33Y137.A      Tilo                  0.156   I_DUAL_FIFO_LINE_COMBINE/GROUP2_FIFOS[6].I_SEG_FIFO/U0/xst_fifo_generator/gconvfifo.rf/grf.rf/gntv_or_sync_fifo.gl0.wr/wpntr/gic0.gc1.count_d2<5>
                                                       I_DUAL_FIFO_LINE_COMBINE/GROUP2_FIFOS[6].I_SEG_FIFO/U0/xst_fifo_generator/gconvfifo.rf/grf.rf/gntv_or_sync_fifo.gl0.wr/ram_wr_en_i1_1
    SLICE_X33Y137.CE     net (fanout=3)        0.363   I_DUAL_FIFO_LINE_COMBINE/GROUP2_FIFOS[6].I_SEG_FIFO/U0/xst_fifo_generator/gconvfifo.rf/grf.rf/gntv_or_sync_fifo.gl0.wr/ram_wr_en_i1
    SLICE_X33Y137.CLK    Tckce       (-Th)    -0.181   I_DUAL_FIFO_LINE_COMBINE/GROUP2_FIFOS[6].I_SEG_FIFO/U0/xst_fifo_generator/gconvfifo.rf/grf.rf/gntv_or_sync_fifo.gl0.wr/wpntr/gic0.gc1.count_d2<5>
                                                       I_DUAL_FIFO_LINE_COMBINE/GROUP2_FIFOS[6].I_SEG_FIFO/U0/xst_fifo_generator/gconvfifo.rf/grf.rf/gntv_or_sync_fifo.gl0.wr/wpntr/gic0.gc1.count_d2_2
    -------------------------------------------------  ---------------------------
    Total                                      1.466ns (0.535ns logic, 0.931ns route)
                                                       (36.5% logic, 63.5% route)

--------------------------------------------------------------------------------

Component Switching Limit Checks: TS_PLL_DESER_INST_clkout1 = PERIOD TIMEGRP "PLL_DESER_INST_clkout1" TS_CLOCK /
        0.166666667 HIGH 50%;
--------------------------------------------------------------------------------
Slack: 56.876ns (period - min period limit)
  Period: 60.000ns
  Min period limit: 3.124ns (320.102MHz) (Trper_CLKA(Fmax))
  Physical resource: I_DUAL_FIFO_LINE_COMBINE/GROUP1_FIFOS[0].I_SEG_FIFO/U0/xst_fifo_generator/gconvfifo.rf/grf.rf/gntv_or_sync_fifo.mem/gbm.gbmg.gbmga.ngecc.bmg/gnativebmg.native_blk_mem_gen/valid.cstr/ramloop[0].ram.r/s6_noinit.ram/SDP.SIMPLE_PRIM18.ram/CLKA
  Logical resource: I_DUAL_FIFO_LINE_COMBINE/GROUP1_FIFOS[0].I_SEG_FIFO/U0/xst_fifo_generator/gconvfifo.rf/grf.rf/gntv_or_sync_fifo.mem/gbm.gbmg.gbmga.ngecc.bmg/gnativebmg.native_blk_mem_gen/valid.cstr/ramloop[0].ram.r/s6_noinit.ram/SDP.SIMPLE_PRIM18.ram/CLKA
  Location pin: RAMB16_X4Y78.CLKA
  Clock network: CLOCK_DESER_6BIT
--------------------------------------------------------------------------------
Slack: 56.876ns (period - min period limit)
  Period: 60.000ns
  Min period limit: 3.124ns (320.102MHz) (Trper_CLKA(Fmax))
  Physical resource: I_DUAL_FIFO_LINE_COMBINE/GROUP1_FIFOS[1].I_SEG_FIFO/U0/xst_fifo_generator/gconvfifo.rf/grf.rf/gntv_or_sync_fifo.mem/gbm.gbmg.gbmga.ngecc.bmg/gnativebmg.native_blk_mem_gen/valid.cstr/ramloop[0].ram.r/s6_noinit.ram/SDP.SIMPLE_PRIM18.ram/CLKA
  Logical resource: I_DUAL_FIFO_LINE_COMBINE/GROUP1_FIFOS[1].I_SEG_FIFO/U0/xst_fifo_generator/gconvfifo.rf/grf.rf/gntv_or_sync_fifo.mem/gbm.gbmg.gbmga.ngecc.bmg/gnativebmg.native_blk_mem_gen/valid.cstr/ramloop[0].ram.r/s6_noinit.ram/SDP.SIMPLE_PRIM18.ram/CLKA
  Location pin: RAMB16_X3Y82.CLKA
  Clock network: CLOCK_DESER_6BIT
--------------------------------------------------------------------------------
Slack: 56.876ns (period - min period limit)
  Period: 60.000ns
  Min period limit: 3.124ns (320.102MHz) (Trper_CLKA(Fmax))
  Physical resource: I_DUAL_FIFO_LINE_COMBINE/GROUP1_FIFOS[2].I_SEG_FIFO/U0/xst_fifo_generator/gconvfifo.rf/grf.rf/gntv_or_sync_fifo.mem/gbm.gbmg.gbmga.ngecc.bmg/gnativebmg.native_blk_mem_gen/valid.cstr/ramloop[0].ram.r/s6_noinit.ram/SDP.SIMPLE_PRIM18.ram/CLKA
  Logical resource: I_DUAL_FIFO_LINE_COMBINE/GROUP1_FIFOS[2].I_SEG_FIFO/U0/xst_fifo_generator/gconvfifo.rf/grf.rf/gntv_or_sync_fifo.mem/gbm.gbmg.gbmga.ngecc.bmg/gnativebmg.native_blk_mem_gen/valid.cstr/ramloop[0].ram.r/s6_noinit.ram/SDP.SIMPLE_PRIM18.ram/CLKA
  Location pin: RAMB16_X3Y76.CLKA
  Clock network: CLOCK_DESER_6BIT
--------------------------------------------------------------------------------

================================================================================
Timing constraint: TS_CLOCK_DESER_1BIT = PERIOD TIMEGRP "CLOCK_DESER_1BIT" 
TS_CLOCK HIGH 50%;
For more information, see Period Analysis in the Timing Closure User Guide (UG612).

 0 paths analyzed, 0 endpoints analyzed, 0 failing endpoints
 0 timing errors detected. (0 component switching limit errors)
--------------------------------------------------------------------------------


Derived Constraint Report
Derived Constraints for TS_CLOCK
+-------------------------------+-------------+-------------+-------------+-------------+-------------+-------------+-------------+
|                               |   Period    |       Actual Period       |      Timing Errors        |      Paths Analyzed       |
|           Constraint          | Requirement |-------------+-------------|-------------+-------------|-------------+-------------|
|                               |             |   Direct    | Derivative  |   Direct    | Derivative  |   Direct    | Derivative  |
+-------------------------------+-------------+-------------+-------------+-------------+-------------+-------------+-------------+
|TS_CLOCK                       |     10.000ns|      5.340ns|      9.975ns|            0|            0|            0|        62697|
| TS_PLL_250_INST_clkfx         |      4.000ns|      1.730ns|          N/A|            0|            0|            0|            0|
| TS_PLL_250_INST_clk0          |     10.000ns|      9.540ns|          N/A|            0|            0|        55222|            0|
| TS_PLL_250_INST_clkdv         |     20.000ns|      1.730ns|          N/A|            0|            0|            0|            0|
| TS_PLL_DESER_INST_clkout1     |     60.000ns|     59.848ns|          N/A|            0|            0|         7475|            0|
| TS_CLOCK_DESER_1BIT           |     10.000ns|          N/A|          N/A|            0|            0|            0|            0|
+-------------------------------+-------------+-------------+-------------+-------------+-------------+-------------+-------------+

All constraints were met.


Data Sheet report:
-----------------
All values displayed in nanoseconds (ns)

Clock to Setup on destination clock CLOCK
---------------+---------+---------+---------+---------+
               | Src:Rise| Src:Fall| Src:Rise| Src:Fall|
Source Clock   |Dest:Rise|Dest:Rise|Dest:Fall|Dest:Fall|
---------------+---------+---------+---------+---------+
CLOCK          |   10.131|    6.628|    4.770|    7.383|
---------------+---------+---------+---------+---------+


Timing summary:
---------------

Timing errors: 0  Score: 0  (Setup/Max: 0, Hold: 0)

Constraints cover 62697 paths, 0 nets, and 14148 connections

Design statistics:
   Minimum period:  59.848ns{1}   (Maximum frequency:  16.709MHz)


------------------------------------Footnotes-----------------------------------
1)  The minimum period statistic assumes all single cycle delays.

Analysis completed Wed Dec  7 10:37:47 2016 
--------------------------------------------------------------------------------

Trace Settings:
-------------------------
Trace Settings 

Peak Memory Usage: 629 MB



