--------------------------------------------------------------------------------
Release 14.5 Trace  (lin64)
Copyright (c) 1995-2012 Xilinx, Inc.  All rights reserved.

/media/storage/opt/xilinx/14.5/ISE_DS/ISE/bin/lin64/unwrapped/trce -intstyle
ise -v 3 -s 3 -n 3 -fastpaths -xml FX3_SLAVE_TOP.twx FX3_SLAVE_TOP.ncd -o
FX3_SLAVE_TOP.twr FX3_SLAVE_TOP.pcf -ucf constraints.ucf

Design file:              FX3_SLAVE_TOP.ncd
Physical constraint file: FX3_SLAVE_TOP.pcf
Device,package,speed:     xc6slx150,fgg484,C,-3 (PRODUCTION 1.23 2013-03-26)
Report level:             verbose report

Environment Variable      Effect 
--------------------      ------ 
NONE                      No environment variables were set
--------------------------------------------------------------------------------

INFO:Timing:2698 - No timing constraints found, doing default enumeration.
INFO:Timing:3412 - To improve timing, see the Timing Closure User Guide (UG612).
INFO:Timing:2752 - To get complete path coverage, use the unconstrained paths 
   option. All paths that are not constrained will be reported in the 
   unconstrained paths section(s) of the report.
INFO:Timing:3339 - The clock-to-out numbers in this timing report are based on 
   a 50 Ohm transmission line loading model.  For the details of this model, 
   and for more information on accounting for different loading conditions, 
   please see the device datasheet.



Data Sheet report:
-----------------
All values displayed in nanoseconds (ns)

Setup/Hold to clock CLOCK
------------+------------+------------+------------+------------+---------------------+--------+
            |Max Setup to|  Process   |Max Hold to |  Process   |                     | Clock  |
Source      | clk (edge) |   Corner   | clk (edge) |   Corner   |Internal Clock(s)    | Phase  |
------------+------------+------------+------------+------------+---------------------+--------+
GPIFII_FLAGA|    2.019(R)|      SLOW  |   -0.985(R)|      FAST  |GPIFII_PCLK_OBUF_BUFG|   0.000|
GPIFII_FLAGB|    2.321(R)|      SLOW  |   -1.282(R)|      FAST  |GPIFII_PCLK_OBUF_BUFG|   0.000|
RESET       |    4.828(R)|      SLOW  |    0.472(R)|      SLOW  |GPIFII_PCLK_OBUF_BUFG|   0.000|
------------+------------+------------+------------+------------+---------------------+--------+

Clock CLOCK to Pad
--------------+-----------------+------------+-----------------+------------+---------------------+--------+
              |Max (slowest) clk|  Process   |Min (fastest) clk|  Process   |                     | Clock  |
Destination   |  (edge) to PAD  |   Corner   |  (edge) to PAD  |   Corner   |Internal Clock(s)    | Phase  |
--------------+-----------------+------------+-----------------+------------+---------------------+--------+
GPIFII_ADDR<0>|         9.821(R)|      SLOW  |         5.587(R)|      FAST  |GPIFII_PCLK_OBUF_BUFG|   0.000|
GPIFII_ADDR<1>|        11.468(R)|      SLOW  |         6.738(R)|      FAST  |GPIFII_PCLK_OBUF_BUFG|   0.000|
GPIFII_D<0>   |        13.558(R)|      SLOW  |         6.773(R)|      FAST  |GPIFII_PCLK_OBUF_BUFG|   0.000|
GPIFII_D<1>   |        11.668(R)|      SLOW  |         6.383(R)|      FAST  |GPIFII_PCLK_OBUF_BUFG|   0.000|
GPIFII_D<2>   |        11.668(R)|      SLOW  |         6.614(R)|      FAST  |GPIFII_PCLK_OBUF_BUFG|   0.000|
GPIFII_D<3>   |        13.133(R)|      SLOW  |         6.941(R)|      FAST  |GPIFII_PCLK_OBUF_BUFG|   0.000|
GPIFII_D<4>   |        12.589(R)|      SLOW  |         6.939(R)|      FAST  |GPIFII_PCLK_OBUF_BUFG|   0.000|
GPIFII_D<5>   |        13.658(R)|      SLOW  |         7.914(R)|      FAST  |GPIFII_PCLK_OBUF_BUFG|   0.000|
GPIFII_D<6>   |        13.659(R)|      SLOW  |         7.831(R)|      FAST  |GPIFII_PCLK_OBUF_BUFG|   0.000|
GPIFII_D<7>   |        12.934(R)|      SLOW  |         6.772(R)|      FAST  |GPIFII_PCLK_OBUF_BUFG|   0.000|
GPIFII_D<8>   |        13.893(R)|      SLOW  |         7.769(R)|      FAST  |GPIFII_PCLK_OBUF_BUFG|   0.000|
GPIFII_D<9>   |        13.798(R)|      SLOW  |         7.927(R)|      FAST  |GPIFII_PCLK_OBUF_BUFG|   0.000|
GPIFII_D<10>  |        11.883(R)|      SLOW  |         6.192(R)|      FAST  |GPIFII_PCLK_OBUF_BUFG|   0.000|
GPIFII_D<11>  |        11.335(R)|      SLOW  |         6.160(R)|      FAST  |GPIFII_PCLK_OBUF_BUFG|   0.000|
GPIFII_D<12>  |        11.335(R)|      SLOW  |         6.228(R)|      FAST  |GPIFII_PCLK_OBUF_BUFG|   0.000|
GPIFII_D<13>  |         9.665(R)|      SLOW  |         4.899(R)|      FAST  |GPIFII_PCLK_OBUF_BUFG|   0.000|
GPIFII_D<14>  |         9.810(R)|      SLOW  |         5.221(R)|      FAST  |GPIFII_PCLK_OBUF_BUFG|   0.000|
GPIFII_D<15>  |        10.781(R)|      SLOW  |         5.143(R)|      FAST  |GPIFII_PCLK_OBUF_BUFG|   0.000|
GPIFII_D<16>  |        10.426(R)|      SLOW  |         5.423(R)|      FAST  |GPIFII_PCLK_OBUF_BUFG|   0.000|
GPIFII_D<17>  |        15.078(R)|      SLOW  |         7.157(R)|      FAST  |GPIFII_PCLK_OBUF_BUFG|   0.000|
GPIFII_D<18>  |        10.852(R)|      SLOW  |         5.001(R)|      FAST  |GPIFII_PCLK_OBUF_BUFG|   0.000|
GPIFII_D<19>  |        10.854(R)|      SLOW  |         5.031(R)|      FAST  |GPIFII_PCLK_OBUF_BUFG|   0.000|
GPIFII_D<20>  |        12.875(R)|      SLOW  |         5.075(R)|      FAST  |GPIFII_PCLK_OBUF_BUFG|   0.000|
GPIFII_D<21>  |        11.591(R)|      SLOW  |         4.964(R)|      FAST  |GPIFII_PCLK_OBUF_BUFG|   0.000|
GPIFII_D<22>  |        12.875(R)|      SLOW  |         6.276(R)|      FAST  |GPIFII_PCLK_OBUF_BUFG|   0.000|
GPIFII_D<23>  |        11.293(R)|      SLOW  |         6.455(R)|      FAST  |GPIFII_PCLK_OBUF_BUFG|   0.000|
GPIFII_D<24>  |        12.121(R)|      SLOW  |         5.264(R)|      FAST  |GPIFII_PCLK_OBUF_BUFG|   0.000|
GPIFII_D<25>  |        11.044(R)|      SLOW  |         5.026(R)|      FAST  |GPIFII_PCLK_OBUF_BUFG|   0.000|
GPIFII_D<26>  |        10.426(R)|      SLOW  |         5.284(R)|      FAST  |GPIFII_PCLK_OBUF_BUFG|   0.000|
GPIFII_D<27>  |        12.614(R)|      SLOW  |         5.266(R)|      FAST  |GPIFII_PCLK_OBUF_BUFG|   0.000|
GPIFII_D<28>  |        12.121(R)|      SLOW  |         4.947(R)|      FAST  |GPIFII_PCLK_OBUF_BUFG|   0.000|
GPIFII_D<29>  |        12.614(R)|      SLOW  |         4.933(R)|      FAST  |GPIFII_PCLK_OBUF_BUFG|   0.000|
GPIFII_D<30>  |        13.327(R)|      SLOW  |         5.313(R)|      FAST  |GPIFII_PCLK_OBUF_BUFG|   0.000|
GPIFII_D<31>  |        13.329(R)|      SLOW  |         5.262(R)|      FAST  |GPIFII_PCLK_OBUF_BUFG|   0.000|
GPIFII_SLCS_N |         8.215(R)|      SLOW  |         4.435(R)|      FAST  |GPIFII_PCLK_OBUF_BUFG|   0.000|
GPIFII_SLOE_N |         9.979(R)|      SLOW  |         5.840(R)|      FAST  |GPIFII_PCLK_OBUF_BUFG|   0.000|
GPIFII_SLRD_N |         8.729(R)|      SLOW  |         5.036(R)|      FAST  |GPIFII_PCLK_OBUF_BUFG|   0.000|
GPIFII_SLWR_N |        13.121(R)|      SLOW  |         7.752(R)|      FAST  |GPIFII_PCLK_OBUF_BUFG|   0.000|
--------------+-----------------+------------+-----------------+------------+---------------------+--------+

Clock to Setup on destination clock CLOCK
---------------+---------+---------+---------+---------+
               | Src:Rise| Src:Fall| Src:Rise| Src:Fall|
Source Clock   |Dest:Rise|Dest:Rise|Dest:Fall|Dest:Fall|
---------------+---------+---------+---------+---------+
CLOCK          |    7.136|         |         |         |
---------------+---------+---------+---------+---------+

Pad to Pad
---------------+---------------+---------+
Source Pad     |Destination Pad|  Delay  |
---------------+---------------+---------+
CLOCK          |GPIFII_PCLK    |    9.706|
RESET          |LED            |   22.900|
---------------+---------------+---------+


Analysis completed Wed Oct  5 12:31:41 2016 
--------------------------------------------------------------------------------

Trace Settings:
-------------------------
Trace Settings 

Peak Memory Usage: 558 MB



